<?xml version="1.0" encoding="ISO-8859-1" ?>
<link_info>
   <banner>TI ARM Clang Linker PC v4.0.3.LTS</banner>
   <copyright>Copyright (c) 1996-2018 Texas Instruments Incorporated</copyright>
   <command_line>D:\review\TI\ccs\tools\compiler\ti-cgt-armllvm_4.0.3.LTS\bin\tiarmlnk -ID:\review\TI\ccs\tools\compiler\ti-cgt-armllvm_4.0.3.LTS\lib -o empty_LP_MSPM0G3507_nortos_ticlang.out -mempty_LP_MSPM0G3507_nortos_ticlang.map -iC:/TI/mspm0_sdk_2_05_00_05/source -iD:/electronic/diansai/test1/WHEELTEC_C07A_TB6612/WHEELTEC_C07A_TB6612/empty_LP_MSPM0G3507_nortos_ticlang -iD:/electronic/diansai/test1/WHEELTEC_C07A_TB6612/WHEELTEC_C07A_TB6612/empty_LP_MSPM0G3507_nortos_ticlang/Debug/syscfg -iD:/review/TI/ccs/tools/compiler/ti-cgt-armllvm_4.0.3.LTS/lib --diag_wrap=off --display_error_number --warn_sections --xml_link_info=empty_LP_MSPM0G3507_nortos_ticlang_linkInfo.xml --rom_model ./empty.o ./ti_msp_dl_config.o ./startup_mspm0g350x_ticlang.o ./Hardware/IR_module.o ./Hardware/board.o ./Hardware/drv_i2c.o ./Hardware/encoder.o ./Hardware/motor.o ./Hardware/mpu6050.o ./Hardware/oled.o ./Hardware/tm.o -l./device_linker.cmd -ldevice.cmd.genlibs -llibc.a --start-group -llibc++.a -llibc++abi.a -llibc.a -llibsys.a -llibsysbm.a -llibclang_rt.builtins.a -llibclang_rt.profile.a --end-group --cg_opt_level=0</command_line>
   <link_time>0x688df56a</link_time>
   <link_errors>0x0</link_errors>
   <output_file>D:\electronic\diansai\test1\WHEELTEC_C07A_TB6612\WHEELTEC_C07A_TB6612\empty_LP_MSPM0G3507_nortos_ticlang\Debug\empty_LP_MSPM0G3507_nortos_ticlang.out</output_file>
   <entry_point>
      <name>_c_int00_noargs</name>
      <address>0x39f5</address>
   </entry_point>
   <input_file_list>
      <input_file id="fl-1">
         <path>D:\electronic\diansai\test1\WHEELTEC_C07A_TB6612\WHEELTEC_C07A_TB6612\empty_LP_MSPM0G3507_nortos_ticlang\Debug\.\</path>
         <kind>object</kind>
         <file>empty.o</file>
         <name>empty.o</name>
      </input_file>
      <input_file id="fl-2">
         <path>D:\electronic\diansai\test1\WHEELTEC_C07A_TB6612\WHEELTEC_C07A_TB6612\empty_LP_MSPM0G3507_nortos_ticlang\Debug\.\</path>
         <kind>object</kind>
         <file>ti_msp_dl_config.o</file>
         <name>ti_msp_dl_config.o</name>
      </input_file>
      <input_file id="fl-3">
         <path>D:\electronic\diansai\test1\WHEELTEC_C07A_TB6612\WHEELTEC_C07A_TB6612\empty_LP_MSPM0G3507_nortos_ticlang\Debug\.\</path>
         <kind>object</kind>
         <file>startup_mspm0g350x_ticlang.o</file>
         <name>startup_mspm0g350x_ticlang.o</name>
      </input_file>
      <input_file id="fl-4">
         <path>D:\electronic\diansai\test1\WHEELTEC_C07A_TB6612\WHEELTEC_C07A_TB6612\empty_LP_MSPM0G3507_nortos_ticlang\Debug\.\Hardware\</path>
         <kind>object</kind>
         <file>IR_module.o</file>
         <name>IR_module.o</name>
      </input_file>
      <input_file id="fl-5">
         <path>D:\electronic\diansai\test1\WHEELTEC_C07A_TB6612\WHEELTEC_C07A_TB6612\empty_LP_MSPM0G3507_nortos_ticlang\Debug\.\Hardware\</path>
         <kind>object</kind>
         <file>board.o</file>
         <name>board.o</name>
      </input_file>
      <input_file id="fl-6">
         <path>D:\electronic\diansai\test1\WHEELTEC_C07A_TB6612\WHEELTEC_C07A_TB6612\empty_LP_MSPM0G3507_nortos_ticlang\Debug\.\Hardware\</path>
         <kind>object</kind>
         <file>drv_i2c.o</file>
         <name>drv_i2c.o</name>
      </input_file>
      <input_file id="fl-7">
         <path>D:\electronic\diansai\test1\WHEELTEC_C07A_TB6612\WHEELTEC_C07A_TB6612\empty_LP_MSPM0G3507_nortos_ticlang\Debug\.\Hardware\</path>
         <kind>object</kind>
         <file>encoder.o</file>
         <name>encoder.o</name>
      </input_file>
      <input_file id="fl-8">
         <path>D:\electronic\diansai\test1\WHEELTEC_C07A_TB6612\WHEELTEC_C07A_TB6612\empty_LP_MSPM0G3507_nortos_ticlang\Debug\.\Hardware\</path>
         <kind>object</kind>
         <file>motor.o</file>
         <name>motor.o</name>
      </input_file>
      <input_file id="fl-9">
         <path>D:\electronic\diansai\test1\WHEELTEC_C07A_TB6612\WHEELTEC_C07A_TB6612\empty_LP_MSPM0G3507_nortos_ticlang\Debug\.\Hardware\</path>
         <kind>object</kind>
         <file>mpu6050.o</file>
         <name>mpu6050.o</name>
      </input_file>
      <input_file id="fl-a">
         <path>D:\electronic\diansai\test1\WHEELTEC_C07A_TB6612\WHEELTEC_C07A_TB6612\empty_LP_MSPM0G3507_nortos_ticlang\Debug\.\Hardware\</path>
         <kind>object</kind>
         <file>oled.o</file>
         <name>oled.o</name>
      </input_file>
      <input_file id="fl-b">
         <path>D:\electronic\diansai\test1\WHEELTEC_C07A_TB6612\WHEELTEC_C07A_TB6612\empty_LP_MSPM0G3507_nortos_ticlang\Debug\.\Hardware\</path>
         <kind>object</kind>
         <file>tm.o</file>
         <name>tm.o</name>
      </input_file>
      <input_file id="fl-18">
         <path>D:\electronic\diansai\test1\WHEELTEC_C07A_TB6612\WHEELTEC_C07A_TB6612\empty_LP_MSPM0G3507_nortos_ticlang\Debug\</path>
         <kind>object</kind>
         <file>&lt;internal&gt;</file>
         <name>&lt;internal&gt;</name>
      </input_file>
      <input_file id="fl-19">
         <path>C:\TI\mspm0_sdk_2_05_00_05\source\ti\driverlib\lib\ticlang\m0p\mspm0g1x0x_g3x0x\</path>
         <kind>archive</kind>
         <file>driverlib.a</file>
         <name>dl_common.o</name>
      </input_file>
      <input_file id="fl-1a">
         <path>C:\TI\mspm0_sdk_2_05_00_05\source\ti\driverlib\lib\ticlang\m0p\mspm0g1x0x_g3x0x\</path>
         <kind>archive</kind>
         <file>driverlib.a</file>
         <name>dl_i2c.o</name>
      </input_file>
      <input_file id="fl-1b">
         <path>C:\TI\mspm0_sdk_2_05_00_05\source\ti\driverlib\lib\ticlang\m0p\mspm0g1x0x_g3x0x\</path>
         <kind>archive</kind>
         <file>driverlib.a</file>
         <name>dl_timer.o</name>
      </input_file>
      <input_file id="fl-1c">
         <path>C:\TI\mspm0_sdk_2_05_00_05\source\ti\driverlib\lib\ticlang\m0p\mspm0g1x0x_g3x0x\</path>
         <kind>archive</kind>
         <file>driverlib.a</file>
         <name>dl_uart.o</name>
      </input_file>
      <input_file id="fl-1d">
         <path>C:\TI\mspm0_sdk_2_05_00_05\source\ti\driverlib\lib\ticlang\m0p\mspm0g1x0x_g3x0x\</path>
         <kind>archive</kind>
         <file>driverlib.a</file>
         <name>dl_sysctl_mspm0g1x0x_g3x0x.o</name>
      </input_file>
      <input_file id="fl-34">
         <path>D:\review\TI\ccs\tools\compiler\ti-cgt-armllvm_4.0.3.LTS\lib\armv6m-ti-none-eabi\c\</path>
         <kind>archive</kind>
         <file>libc.a</file>
         <name>snprintf.c.obj</name>
      </input_file>
      <input_file id="fl-35">
         <path>D:\review\TI\ccs\tools\compiler\ti-cgt-armllvm_4.0.3.LTS\lib\armv6m-ti-none-eabi\c\</path>
         <kind>archive</kind>
         <file>libc.a</file>
         <name>e_asin.c.obj</name>
      </input_file>
      <input_file id="fl-36">
         <path>D:\review\TI\ccs\tools\compiler\ti-cgt-armllvm_4.0.3.LTS\lib\armv6m-ti-none-eabi\c\</path>
         <kind>archive</kind>
         <file>libc.a</file>
         <name>e_atan2.c.obj</name>
      </input_file>
      <input_file id="fl-37">
         <path>D:\review\TI\ccs\tools\compiler\ti-cgt-armllvm_4.0.3.LTS\lib\armv6m-ti-none-eabi\c\</path>
         <kind>archive</kind>
         <file>libc.a</file>
         <name>e_sqrt.c.obj</name>
      </input_file>
      <input_file id="fl-38">
         <path>D:\review\TI\ccs\tools\compiler\ti-cgt-armllvm_4.0.3.LTS\lib\armv6m-ti-none-eabi\c\</path>
         <kind>archive</kind>
         <file>libc.a</file>
         <name>s_atan.c.obj</name>
      </input_file>
      <input_file id="fl-39">
         <path>D:\review\TI\ccs\tools\compiler\ti-cgt-armllvm_4.0.3.LTS\lib\armv6m-ti-none-eabi\c\</path>
         <kind>archive</kind>
         <file>libc.a</file>
         <name>aeabi_portable.c.obj</name>
      </input_file>
      <input_file id="fl-3a">
         <path>D:\review\TI\ccs\tools\compiler\ti-cgt-armllvm_4.0.3.LTS\lib\armv6m-ti-none-eabi\c\</path>
         <kind>archive</kind>
         <file>libc.a</file>
         <name>assert.c.obj</name>
      </input_file>
      <input_file id="fl-3b">
         <path>D:\review\TI\ccs\tools\compiler\ti-cgt-armllvm_4.0.3.LTS\lib\armv6m-ti-none-eabi\c\</path>
         <kind>archive</kind>
         <file>libc.a</file>
         <name>defs.c.obj</name>
      </input_file>
      <input_file id="fl-3c">
         <path>D:\review\TI\ccs\tools\compiler\ti-cgt-armllvm_4.0.3.LTS\lib\armv6m-ti-none-eabi\c\</path>
         <kind>archive</kind>
         <file>libc.a</file>
         <name>memory.c.obj</name>
      </input_file>
      <input_file id="fl-3d">
         <path>D:\review\TI\ccs\tools\compiler\ti-cgt-armllvm_4.0.3.LTS\lib\armv6m-ti-none-eabi\c\</path>
         <kind>archive</kind>
         <file>libc.a</file>
         <name>boot_cortex_m.c.obj</name>
      </input_file>
      <input_file id="fl-3e">
         <path>D:\review\TI\ccs\tools\compiler\ti-cgt-armllvm_4.0.3.LTS\lib\armv6m-ti-none-eabi\c\</path>
         <kind>archive</kind>
         <file>libc.a</file>
         <name>mathacl_init.c.obj</name>
      </input_file>
      <input_file id="fl-3f">
         <path>D:\review\TI\ccs\tools\compiler\ti-cgt-armllvm_4.0.3.LTS\lib\armv6m-ti-none-eabi\c\</path>
         <kind>archive</kind>
         <file>libc.a</file>
         <name>autoinit.c.obj</name>
      </input_file>
      <input_file id="fl-40">
         <path>D:\review\TI\ccs\tools\compiler\ti-cgt-armllvm_4.0.3.LTS\lib\armv6m-ti-none-eabi\c\</path>
         <kind>archive</kind>
         <file>libc.a</file>
         <name>pre_init.c.obj</name>
      </input_file>
      <input_file id="fl-41">
         <path>D:\review\TI\ccs\tools\compiler\ti-cgt-armllvm_4.0.3.LTS\lib\armv6m-ti-none-eabi\c\</path>
         <kind>archive</kind>
         <file>libc.a</file>
         <name>cpy_tbl.c.obj</name>
      </input_file>
      <input_file id="fl-42">
         <path>D:\review\TI\ccs\tools\compiler\ti-cgt-armllvm_4.0.3.LTS\lib\armv6m-ti-none-eabi\c\</path>
         <kind>archive</kind>
         <file>libc.a</file>
         <name>copy_zero_init.c.obj</name>
      </input_file>
      <input_file id="fl-43">
         <path>D:\review\TI\ccs\tools\compiler\ti-cgt-armllvm_4.0.3.LTS\lib\armv6m-ti-none-eabi\c\</path>
         <kind>archive</kind>
         <file>libc.a</file>
         <name>copy_decompress_none.c.obj</name>
      </input_file>
      <input_file id="fl-44">
         <path>D:\review\TI\ccs\tools\compiler\ti-cgt-armllvm_4.0.3.LTS\lib\armv6m-ti-none-eabi\c\</path>
         <kind>archive</kind>
         <file>libc.a</file>
         <name>copy_decompress_lzss.c.obj</name>
      </input_file>
      <input_file id="fl-45">
         <path>D:\review\TI\ccs\tools\compiler\ti-cgt-armllvm_4.0.3.LTS\lib\armv6m-ti-none-eabi\c\</path>
         <kind>archive</kind>
         <file>libc.a</file>
         <name>_printfi.c.obj</name>
      </input_file>
      <input_file id="fl-46">
         <path>D:\review\TI\ccs\tools\compiler\ti-cgt-armllvm_4.0.3.LTS\lib\armv6m-ti-none-eabi\c\</path>
         <kind>archive</kind>
         <file>libc.a</file>
         <name>sprintf.c.obj</name>
      </input_file>
      <input_file id="fl-47">
         <path>D:\review\TI\ccs\tools\compiler\ti-cgt-armllvm_4.0.3.LTS\lib\armv6m-ti-none-eabi\c\</path>
         <kind>archive</kind>
         <file>libc.a</file>
         <name>fflush.c.obj</name>
      </input_file>
      <input_file id="fl-48">
         <path>D:\review\TI\ccs\tools\compiler\ti-cgt-armllvm_4.0.3.LTS\lib\armv6m-ti-none-eabi\c\</path>
         <kind>archive</kind>
         <file>libc.a</file>
         <name>s_frexp.c.obj</name>
      </input_file>
      <input_file id="fl-49">
         <path>D:\review\TI\ccs\tools\compiler\ti-cgt-armllvm_4.0.3.LTS\lib\armv6m-ti-none-eabi\c\</path>
         <kind>archive</kind>
         <file>libc.a</file>
         <name>s_scalbn.c.obj</name>
      </input_file>
      <input_file id="fl-4a">
         <path>D:\review\TI\ccs\tools\compiler\ti-cgt-armllvm_4.0.3.LTS\lib\armv6m-ti-none-eabi\c\</path>
         <kind>archive</kind>
         <file>libc.a</file>
         <name>wcslen.c.obj</name>
      </input_file>
      <input_file id="fl-4b">
         <path>D:\review\TI\ccs\tools\compiler\ti-cgt-armllvm_4.0.3.LTS\lib\armv6m-ti-none-eabi\c\</path>
         <kind>archive</kind>
         <file>libc.a</file>
         <name>exit.c.obj</name>
      </input_file>
      <input_file id="fl-4c">
         <path>D:\review\TI\ccs\tools\compiler\ti-cgt-armllvm_4.0.3.LTS\lib\armv6m-ti-none-eabi\c\</path>
         <kind>archive</kind>
         <file>libc.a</file>
         <name>_lock.c.obj</name>
      </input_file>
      <input_file id="fl-4d">
         <path>D:\review\TI\ccs\tools\compiler\ti-cgt-armllvm_4.0.3.LTS\lib\armv6m-ti-none-eabi\c\</path>
         <kind>archive</kind>
         <file>libc.a</file>
         <name>_ltoa.c.obj</name>
      </input_file>
      <input_file id="fl-4e">
         <path>D:\review\TI\ccs\tools\compiler\ti-cgt-armllvm_4.0.3.LTS\lib\armv6m-ti-none-eabi\c\</path>
         <kind>archive</kind>
         <file>libc.a</file>
         <name>args_main.c.obj</name>
      </input_file>
      <input_file id="fl-4f">
         <path>D:\review\TI\ccs\tools\compiler\ti-cgt-armllvm_4.0.3.LTS\lib\armv6m-ti-none-eabi\c\</path>
         <kind>archive</kind>
         <file>libc.a</file>
         <name>atoi.c.obj</name>
      </input_file>
      <input_file id="fl-50">
         <path>D:\review\TI\ccs\tools\compiler\ti-cgt-armllvm_4.0.3.LTS\lib\armv6m-ti-none-eabi\c\</path>
         <kind>archive</kind>
         <file>libc.a</file>
         <name>memccpy.c.obj</name>
      </input_file>
      <input_file id="fl-51">
         <path>D:\review\TI\ccs\tools\compiler\ti-cgt-armllvm_4.0.3.LTS\lib\armv6m-ti-none-eabi\c\</path>
         <kind>archive</kind>
         <file>libc.a</file>
         <name>aeabi_ctype.S.obj</name>
      </input_file>
      <input_file id="fl-f1">
         <path>D:\review\TI\ccs\tools\compiler\ti-cgt-armllvm_4.0.3.LTS\lib\armv6m-ti-none-eabi\c\</path>
         <kind>archive</kind>
         <file>libsysbm.a</file>
         <name>hostexit.c.obj</name>
      </input_file>
      <input_file id="fl-f2">
         <path>D:\review\TI\ccs\tools\compiler\ti-cgt-armllvm_4.0.3.LTS\lib\armv6m-ti-none-eabi\c\</path>
         <kind>archive</kind>
         <file>libsysbm.a</file>
         <name>write.c.obj</name>
      </input_file>
      <input_file id="fl-f3">
         <path>D:\review\TI\ccs\tools\compiler\ti-cgt-armllvm_4.0.3.LTS\lib\armv6m-ti-none-eabi\c\</path>
         <kind>archive</kind>
         <file>libsysbm.a</file>
         <name>host_device.c.obj</name>
      </input_file>
      <input_file id="fl-f4">
         <path>D:\review\TI\ccs\tools\compiler\ti-cgt-armllvm_4.0.3.LTS\lib\armv6m-ti-none-eabi\c\</path>
         <kind>archive</kind>
         <file>libsysbm.a</file>
         <name>hostclose.c.obj</name>
      </input_file>
      <input_file id="fl-f5">
         <path>D:\review\TI\ccs\tools\compiler\ti-cgt-armllvm_4.0.3.LTS\lib\armv6m-ti-none-eabi\c\</path>
         <kind>archive</kind>
         <file>libsysbm.a</file>
         <name>hostlseek.c.obj</name>
      </input_file>
      <input_file id="fl-f6">
         <path>D:\review\TI\ccs\tools\compiler\ti-cgt-armllvm_4.0.3.LTS\lib\armv6m-ti-none-eabi\c\</path>
         <kind>archive</kind>
         <file>libsysbm.a</file>
         <name>hostopen.c.obj</name>
      </input_file>
      <input_file id="fl-f7">
         <path>D:\review\TI\ccs\tools\compiler\ti-cgt-armllvm_4.0.3.LTS\lib\armv6m-ti-none-eabi\c\</path>
         <kind>archive</kind>
         <file>libsysbm.a</file>
         <name>hostread.c.obj</name>
      </input_file>
      <input_file id="fl-f8">
         <path>D:\review\TI\ccs\tools\compiler\ti-cgt-armllvm_4.0.3.LTS\lib\armv6m-ti-none-eabi\c\</path>
         <kind>archive</kind>
         <file>libsysbm.a</file>
         <name>hostrename.c.obj</name>
      </input_file>
      <input_file id="fl-f9">
         <path>D:\review\TI\ccs\tools\compiler\ti-cgt-armllvm_4.0.3.LTS\lib\armv6m-ti-none-eabi\c\</path>
         <kind>archive</kind>
         <file>libsysbm.a</file>
         <name>hostunlink.c.obj</name>
      </input_file>
      <input_file id="fl-fa">
         <path>D:\review\TI\ccs\tools\compiler\ti-cgt-armllvm_4.0.3.LTS\lib\armv6m-ti-none-eabi\c\</path>
         <kind>archive</kind>
         <file>libsysbm.a</file>
         <name>hostwrite.c.obj</name>
      </input_file>
      <input_file id="fl-fb">
         <path>D:\review\TI\ccs\tools\compiler\ti-cgt-armllvm_4.0.3.LTS\lib\armv6m-ti-none-eabi\c\</path>
         <kind>archive</kind>
         <file>libsysbm.a</file>
         <name>trgmsg.c.obj</name>
      </input_file>
      <input_file id="fl-fc">
         <path>D:\review\TI\ccs\tools\compiler\ti-cgt-armllvm_4.0.3.LTS\lib\armv6m-ti-none-eabi\</path>
         <kind>archive</kind>
         <file>libclang_rt.builtins.a</file>
         <name>addsf3.S.obj</name>
      </input_file>
      <input_file id="fl-fd">
         <path>D:\review\TI\ccs\tools\compiler\ti-cgt-armllvm_4.0.3.LTS\lib\armv6m-ti-none-eabi\</path>
         <kind>archive</kind>
         <file>libclang_rt.builtins.a</file>
         <name>adddf3.S.obj</name>
      </input_file>
      <input_file id="fl-fe">
         <path>D:\review\TI\ccs\tools\compiler\ti-cgt-armllvm_4.0.3.LTS\lib\armv6m-ti-none-eabi\</path>
         <kind>archive</kind>
         <file>libclang_rt.builtins.a</file>
         <name>muldf3.S.obj</name>
      </input_file>
      <input_file id="fl-ff">
         <path>D:\review\TI\ccs\tools\compiler\ti-cgt-armllvm_4.0.3.LTS\lib\armv6m-ti-none-eabi\</path>
         <kind>archive</kind>
         <file>libclang_rt.builtins.a</file>
         <name>muldsi3.S.obj</name>
      </input_file>
      <input_file id="fl-100">
         <path>D:\review\TI\ccs\tools\compiler\ti-cgt-armllvm_4.0.3.LTS\lib\armv6m-ti-none-eabi\</path>
         <kind>archive</kind>
         <file>libclang_rt.builtins.a</file>
         <name>mulsf3.S.obj</name>
      </input_file>
      <input_file id="fl-101">
         <path>D:\review\TI\ccs\tools\compiler\ti-cgt-armllvm_4.0.3.LTS\lib\armv6m-ti-none-eabi\</path>
         <kind>archive</kind>
         <file>libclang_rt.builtins.a</file>
         <name>divsf3.S.obj</name>
      </input_file>
      <input_file id="fl-102">
         <path>D:\review\TI\ccs\tools\compiler\ti-cgt-armllvm_4.0.3.LTS\lib\armv6m-ti-none-eabi\</path>
         <kind>archive</kind>
         <file>libclang_rt.builtins.a</file>
         <name>divdf3.S.obj</name>
      </input_file>
      <input_file id="fl-103">
         <path>D:\review\TI\ccs\tools\compiler\ti-cgt-armllvm_4.0.3.LTS\lib\armv6m-ti-none-eabi\</path>
         <kind>archive</kind>
         <file>libclang_rt.builtins.a</file>
         <name>extendsfdf2.S.obj</name>
      </input_file>
      <input_file id="fl-104">
         <path>D:\review\TI\ccs\tools\compiler\ti-cgt-armllvm_4.0.3.LTS\lib\armv6m-ti-none-eabi\</path>
         <kind>archive</kind>
         <file>libclang_rt.builtins.a</file>
         <name>fixdfsi.S.obj</name>
      </input_file>
      <input_file id="fl-105">
         <path>D:\review\TI\ccs\tools\compiler\ti-cgt-armllvm_4.0.3.LTS\lib\armv6m-ti-none-eabi\</path>
         <kind>archive</kind>
         <file>libclang_rt.builtins.a</file>
         <name>fixsfsi.S.obj</name>
      </input_file>
      <input_file id="fl-106">
         <path>D:\review\TI\ccs\tools\compiler\ti-cgt-armllvm_4.0.3.LTS\lib\armv6m-ti-none-eabi\</path>
         <kind>archive</kind>
         <file>libclang_rt.builtins.a</file>
         <name>floatsidf.S.obj</name>
      </input_file>
      <input_file id="fl-107">
         <path>D:\review\TI\ccs\tools\compiler\ti-cgt-armllvm_4.0.3.LTS\lib\armv6m-ti-none-eabi\</path>
         <kind>archive</kind>
         <file>libclang_rt.builtins.a</file>
         <name>floatsisf.S.obj</name>
      </input_file>
      <input_file id="fl-108">
         <path>D:\review\TI\ccs\tools\compiler\ti-cgt-armllvm_4.0.3.LTS\lib\armv6m-ti-none-eabi\</path>
         <kind>archive</kind>
         <file>libclang_rt.builtins.a</file>
         <name>muldi3.S.obj</name>
      </input_file>
      <input_file id="fl-109">
         <path>D:\review\TI\ccs\tools\compiler\ti-cgt-armllvm_4.0.3.LTS\lib\armv6m-ti-none-eabi\</path>
         <kind>archive</kind>
         <file>libclang_rt.builtins.a</file>
         <name>truncdfsf2.S.obj</name>
      </input_file>
      <input_file id="fl-10a">
         <path>D:\review\TI\ccs\tools\compiler\ti-cgt-armllvm_4.0.3.LTS\lib\armv6m-ti-none-eabi\</path>
         <kind>archive</kind>
         <file>libclang_rt.builtins.a</file>
         <name>aeabi_dcmp.S.obj</name>
      </input_file>
      <input_file id="fl-10b">
         <path>D:\review\TI\ccs\tools\compiler\ti-cgt-armllvm_4.0.3.LTS\lib\armv6m-ti-none-eabi\</path>
         <kind>archive</kind>
         <file>libclang_rt.builtins.a</file>
         <name>aeabi_fcmp.S.obj</name>
      </input_file>
      <input_file id="fl-10c">
         <path>D:\review\TI\ccs\tools\compiler\ti-cgt-armllvm_4.0.3.LTS\lib\armv6m-ti-none-eabi\</path>
         <kind>archive</kind>
         <file>libclang_rt.builtins.a</file>
         <name>aeabi_idivmod.S.obj</name>
      </input_file>
      <input_file id="fl-10d">
         <path>D:\review\TI\ccs\tools\compiler\ti-cgt-armllvm_4.0.3.LTS\lib\armv6m-ti-none-eabi\</path>
         <kind>archive</kind>
         <file>libclang_rt.builtins.a</file>
         <name>aeabi_memcpy.S.obj</name>
      </input_file>
      <input_file id="fl-10e">
         <path>D:\review\TI\ccs\tools\compiler\ti-cgt-armllvm_4.0.3.LTS\lib\armv6m-ti-none-eabi\</path>
         <kind>archive</kind>
         <file>libclang_rt.builtins.a</file>
         <name>aeabi_memset.S.obj</name>
      </input_file>
      <input_file id="fl-10f">
         <path>D:\review\TI\ccs\tools\compiler\ti-cgt-armllvm_4.0.3.LTS\lib\armv6m-ti-none-eabi\</path>
         <kind>archive</kind>
         <file>libclang_rt.builtins.a</file>
         <name>aeabi_uidivmod.S.obj</name>
      </input_file>
      <input_file id="fl-110">
         <path>D:\review\TI\ccs\tools\compiler\ti-cgt-armllvm_4.0.3.LTS\lib\armv6m-ti-none-eabi\</path>
         <kind>archive</kind>
         <file>libclang_rt.builtins.a</file>
         <name>aeabi_uldivmod.S.obj</name>
      </input_file>
      <input_file id="fl-111">
         <path>D:\review\TI\ccs\tools\compiler\ti-cgt-armllvm_4.0.3.LTS\lib\armv6m-ti-none-eabi\</path>
         <kind>archive</kind>
         <file>libclang_rt.builtins.a</file>
         <name>comparesf2.S.obj</name>
      </input_file>
      <input_file id="fl-112">
         <path>D:\review\TI\ccs\tools\compiler\ti-cgt-armllvm_4.0.3.LTS\lib\armv6m-ti-none-eabi\</path>
         <kind>archive</kind>
         <file>libclang_rt.builtins.a</file>
         <name>udivmoddi4.S.obj</name>
      </input_file>
      <input_file id="fl-113">
         <path>D:\review\TI\ccs\tools\compiler\ti-cgt-armllvm_4.0.3.LTS\lib\armv6m-ti-none-eabi\</path>
         <kind>archive</kind>
         <file>libclang_rt.builtins.a</file>
         <name>ashldi3.S.obj</name>
      </input_file>
      <input_file id="fl-114">
         <path>D:\review\TI\ccs\tools\compiler\ti-cgt-armllvm_4.0.3.LTS\lib\armv6m-ti-none-eabi\</path>
         <kind>archive</kind>
         <file>libclang_rt.builtins.a</file>
         <name>comparedf2.c.obj</name>
      </input_file>
      <input_file id="fl-115">
         <path>D:\review\TI\ccs\tools\compiler\ti-cgt-armllvm_4.0.3.LTS\lib\armv6m-ti-none-eabi\</path>
         <kind>archive</kind>
         <file>libclang_rt.builtins.a</file>
         <name>aeabi_div0.c.obj</name>
      </input_file>
      <input_file id="fl-116">
         <path>D:\review\TI\ccs\tools\compiler\ti-cgt-armllvm_4.0.3.LTS\lib\armv6m-ti-none-eabi\c\</path>
         <kind>archive</kind>
         <file>libc.a</file>
         <name>memcpy16.S.obj</name>
      </input_file>
      <input_file id="fl-117">
         <path>D:\review\TI\ccs\tools\compiler\ti-cgt-armllvm_4.0.3.LTS\lib\armv6m-ti-none-eabi\c\</path>
         <kind>archive</kind>
         <file>libc.a</file>
         <name>memset16.S.obj</name>
      </input_file>
   </input_file_list>
   <object_component_list>
      <object_component id="oc-18">
         <name>.intvecs</name>
         <load_address>0x0</load_address>
         <readonly>true</readonly>
         <run_address>0x0</run_address>
         <size>0xc0</size>
         <alignment>0x4</alignment>
         <input_file_ref idref="fl-3"/>
      </object_component>
      <object_component id="oc-1af">
         <name>.text:__TI_printfi</name>
         <load_address>0xc0</load_address>
         <readonly>true</readonly>
         <executable>true</executable>
         <run_address>0xc0</run_address>
         <size>0x9d0</size>
         <alignment>0x4</alignment>
         <input_file_ref idref="fl-45"/>
      </object_component>
      <object_component id="oc-10b">
         <name>.text.Set_Speed</name>
         <load_address>0xa90</load_address>
         <readonly>true</readonly>
         <executable>true</executable>
         <run_address>0xa90</run_address>
         <size>0x220</size>
         <alignment>0x4</alignment>
         <input_file_ref idref="fl-8"/>
      </object_component>
      <object_component id="oc-206">
         <name>.text._pconv_a</name>
         <load_address>0xcb0</load_address>
         <readonly>true</readonly>
         <executable>true</executable>
         <run_address>0xcb0</run_address>
         <size>0x220</size>
         <alignment>0x4</alignment>
         <input_file_ref idref="fl-45"/>
      </object_component>
      <object_component id="oc-20b">
         <name>.text._pconv_g</name>
         <load_address>0xed0</load_address>
         <readonly>true</readonly>
         <executable>true</executable>
         <run_address>0xed0</run_address>
         <size>0x1dc</size>
         <alignment>0x4</alignment>
         <input_file_ref idref="fl-45"/>
      </object_component>
      <object_component id="oc-dd">
         <name>.text.SYSCFG_DL_GPIO_init</name>
         <load_address>0x10ac</load_address>
         <readonly>true</readonly>
         <executable>true</executable>
         <run_address>0x10ac</run_address>
         <size>0x1c0</size>
         <alignment>0x4</alignment>
         <input_file_ref idref="fl-2"/>
      </object_component>
      <object_component id="oc-253">
         <name>.text.adddf3_subdf3</name>
         <load_address>0x126c</load_address>
         <readonly>true</readonly>
         <executable>true</executable>
         <run_address>0x126c</run_address>
         <size>0x192</size>
         <alignment>0x4</alignment>
         <input_file_ref idref="fl-fd"/>
      </object_component>
      <object_component id="oc-213">
         <name>.text.__aeabi_idiv0</name>
         <load_address>0x13fe</load_address>
         <readonly>true</readonly>
         <executable>true</executable>
         <run_address>0x13fe</run_address>
         <size>0x2</size>
         <alignment>0x2</alignment>
         <input_file_ref idref="fl-115"/>
      </object_component>
      <object_component id="oc-b2">
         <name>.text.tm1</name>
         <load_address>0x1400</load_address>
         <readonly>true</readonly>
         <executable>true</executable>
         <run_address>0x1400</run_address>
         <size>0x184</size>
         <alignment>0x4</alignment>
         <input_file_ref idref="fl-b"/>
      </object_component>
      <object_component id="oc-257">
         <name>.text.fcvt</name>
         <load_address>0x1584</load_address>
         <readonly>true</readonly>
         <executable>true</executable>
         <run_address>0x1584</run_address>
         <size>0x13c</size>
         <alignment>0x4</alignment>
         <input_file_ref idref="fl-45"/>
      </object_component>
      <object_component id="oc-20d">
         <name>.text._pconv_e</name>
         <load_address>0x16c0</load_address>
         <readonly>true</readonly>
         <executable>true</executable>
         <run_address>0x16c0</run_address>
         <size>0x120</size>
         <alignment>0x4</alignment>
         <input_file_ref idref="fl-45"/>
      </object_component>
      <object_component id="oc-34">
         <name>.text.GROUP1_IRQHandler</name>
         <load_address>0x17e0</load_address>
         <readonly>true</readonly>
         <executable>true</executable>
         <run_address>0x17e0</run_address>
         <size>0x118</size>
         <alignment>0x4</alignment>
         <input_file_ref idref="fl-7"/>
      </object_component>
      <object_component id="oc-24f">
         <name>.text.__divdf3</name>
         <load_address>0x18f8</load_address>
         <readonly>true</readonly>
         <executable>true</executable>
         <run_address>0x18f8</run_address>
         <size>0x10c</size>
         <alignment>0x4</alignment>
         <input_file_ref idref="fl-102"/>
      </object_component>
      <object_component id="oc-15e">
         <name>.text.DL_Timer_initFourCCPWMMode</name>
         <load_address>0x1a04</load_address>
         <readonly>true</readonly>
         <executable>true</executable>
         <run_address>0x1a04</run_address>
         <size>0x104</size>
         <alignment>0x4</alignment>
         <input_file_ref idref="fl-1b"/>
      </object_component>
      <object_component id="oc-169">
         <name>.text.DL_Timer_initTimerMode</name>
         <load_address>0x1b08</load_address>
         <readonly>true</readonly>
         <executable>true</executable>
         <run_address>0x1b08</run_address>
         <size>0xe8</size>
         <alignment>0x4</alignment>
         <input_file_ref idref="fl-1b"/>
      </object_component>
      <object_component id="oc-23f">
         <name>.text.__muldf3</name>
         <load_address>0x1bf0</load_address>
         <readonly>true</readonly>
         <executable>true</executable>
         <run_address>0x1bf0</run_address>
         <size>0xe4</size>
         <alignment>0x4</alignment>
         <input_file_ref idref="fl-fe"/>
      </object_component>
      <object_component id="oc-14e">
         <name>.text.DL_SYSCTL_configSYSPLL</name>
         <load_address>0x1cd4</load_address>
         <readonly>true</readonly>
         <executable>true</executable>
         <run_address>0x1cd4</run_address>
         <size>0xdc</size>
         <alignment>0x4</alignment>
         <input_file_ref idref="fl-1d"/>
      </object_component>
      <object_component id="oc-22e">
         <name>.text.scalbn</name>
         <load_address>0x1db0</load_address>
         <readonly>true</readonly>
         <executable>true</executable>
         <run_address>0x1db0</run_address>
         <size>0xd8</size>
         <alignment>0x4</alignment>
         <input_file_ref idref="fl-49"/>
      </object_component>
      <object_component id="oc-f8">
         <name>.text</name>
         <load_address>0x1e88</load_address>
         <readonly>true</readonly>
         <executable>true</executable>
         <run_address>0x1e88</run_address>
         <size>0xd8</size>
         <alignment>0x4</alignment>
         <input_file_ref idref="fl-fc"/>
      </object_component>
      <object_component id="oc-96">
         <name>.text.OLED_Init</name>
         <load_address>0x1f60</load_address>
         <readonly>true</readonly>
         <executable>true</executable>
         <run_address>0x1f60</run_address>
         <size>0xca</size>
         <alignment>0x2</alignment>
         <input_file_ref idref="fl-a"/>
      </object_component>
      <object_component id="oc-25c">
         <name>.text.__aeabi_ldiv0</name>
         <load_address>0x202a</load_address>
         <readonly>true</readonly>
         <executable>true</executable>
         <run_address>0x202a</run_address>
         <size>0x2</size>
         <alignment>0x2</alignment>
         <input_file_ref idref="fl-115"/>
      </object_component>
      <object_component id="oc-19a">
         <name>.text.I2C_ReadReg</name>
         <load_address>0x202c</load_address>
         <readonly>true</readonly>
         <executable>true</executable>
         <run_address>0x202c</run_address>
         <size>0xc4</size>
         <alignment>0x4</alignment>
         <input_file_ref idref="fl-6"/>
      </object_component>
      <object_component id="oc-102">
         <name>.text.OLED_ShowChar</name>
         <load_address>0x20f0</load_address>
         <readonly>true</readonly>
         <executable>true</executable>
         <run_address>0x20f0</run_address>
         <size>0xc4</size>
         <alignment>0x4</alignment>
         <input_file_ref idref="fl-a"/>
      </object_component>
      <object_component id="oc-195">
         <name>.text.I2C_WriteReg</name>
         <load_address>0x21b4</load_address>
         <readonly>true</readonly>
         <executable>true</executable>
         <run_address>0x21b4</run_address>
         <size>0xc0</size>
         <alignment>0x4</alignment>
         <input_file_ref idref="fl-6"/>
      </object_component>
      <object_component id="oc-b1">
         <name>.text.tm2</name>
         <load_address>0x2274</load_address>
         <readonly>true</readonly>
         <executable>true</executable>
         <run_address>0x2274</run_address>
         <size>0xb8</size>
         <alignment>0x4</alignment>
         <input_file_ref idref="fl-1"/>
      </object_component>
      <object_component id="oc-10a">
         <name>.text.checkout</name>
         <load_address>0x232c</load_address>
         <readonly>true</readonly>
         <executable>true</executable>
         <run_address>0x232c</run_address>
         <size>0xac</size>
         <alignment>0x4</alignment>
         <input_file_ref idref="fl-1"/>
      </object_component>
      <object_component id="oc-79">
         <name>.text.main</name>
         <load_address>0x23d8</load_address>
         <readonly>true</readonly>
         <executable>true</executable>
         <run_address>0x23d8</run_address>
         <size>0xac</size>
         <alignment>0x4</alignment>
         <input_file_ref idref="fl-1"/>
      </object_component>
      <object_component id="oc-225">
         <name>.text</name>
         <load_address>0x2484</load_address>
         <readonly>true</readonly>
         <executable>true</executable>
         <run_address>0x2484</run_address>
         <size>0xa2</size>
         <alignment>0x4</alignment>
         <input_file_ref idref="fl-112"/>
      </object_component>
      <object_component id="oc-9b">
         <name>.text.mpu6050_init</name>
         <load_address>0x2528</load_address>
         <readonly>true</readonly>
         <executable>true</executable>
         <run_address>0x2528</run_address>
         <size>0x94</size>
         <alignment>0x4</alignment>
         <input_file_ref idref="fl-9"/>
      </object_component>
      <object_component id="oc-1b2">
         <name>.text.mpu6050_read</name>
         <load_address>0x25bc</load_address>
         <readonly>true</readonly>
         <executable>true</executable>
         <run_address>0x25bc</run_address>
         <size>0x94</size>
         <alignment>0x4</alignment>
         <input_file_ref idref="fl-9"/>
      </object_component>
      <object_component id="oc-11e">
         <name>.text.delay_us</name>
         <load_address>0x2650</load_address>
         <readonly>true</readonly>
         <executable>true</executable>
         <run_address>0x2650</run_address>
         <size>0x90</size>
         <alignment>0x4</alignment>
         <input_file_ref idref="fl-5"/>
      </object_component>
      <object_component id="oc-df">
         <name>.text.SYSCFG_DL_PWM_0_init</name>
         <load_address>0x26e0</load_address>
         <readonly>true</readonly>
         <executable>true</executable>
         <run_address>0x26e0</run_address>
         <size>0x8c</size>
         <alignment>0x4</alignment>
         <input_file_ref idref="fl-2"/>
      </object_component>
      <object_component id="oc-e0">
         <name>.text.SYSCFG_DL_PWM_1_init</name>
         <load_address>0x276c</load_address>
         <readonly>true</readonly>
         <executable>true</executable>
         <run_address>0x276c</run_address>
         <size>0x8c</size>
         <alignment>0x4</alignment>
         <input_file_ref idref="fl-2"/>
      </object_component>
      <object_component id="oc-dc">
         <name>.text.SYSCFG_DL_initPower</name>
         <load_address>0x27f8</load_address>
         <readonly>true</readonly>
         <executable>true</executable>
         <run_address>0x27f8</run_address>
         <size>0x8c</size>
         <alignment>0x4</alignment>
         <input_file_ref idref="fl-2"/>
      </object_component>
      <object_component id="oc-19b">
         <name>.text.__mulsf3</name>
         <load_address>0x2884</load_address>
         <readonly>true</readonly>
         <executable>true</executable>
         <run_address>0x2884</run_address>
         <size>0x8c</size>
         <alignment>0x4</alignment>
         <input_file_ref idref="fl-100"/>
      </object_component>
      <object_component id="oc-1a3">
         <name>.text.__divsf3</name>
         <load_address>0x2910</load_address>
         <readonly>true</readonly>
         <executable>true</executable>
         <run_address>0x2910</run_address>
         <size>0x82</size>
         <alignment>0x4</alignment>
         <input_file_ref idref="fl-101"/>
      </object_component>
      <object_component id="oc-1c">
         <name>.text:decompress:lzss</name>
         <load_address>0x2994</load_address>
         <readonly>true</readonly>
         <executable>true</executable>
         <run_address>0x2994</run_address>
         <size>0x7c</size>
         <alignment>0x4</alignment>
         <input_file_ref idref="fl-44"/>
      </object_component>
      <object_component id="oc-f7">
         <name>.text.Encoder_GetDeltaDistanceCm</name>
         <load_address>0x2a10</load_address>
         <readonly>true</readonly>
         <executable>true</executable>
         <run_address>0x2a10</run_address>
         <size>0x78</size>
         <alignment>0x4</alignment>
         <input_file_ref idref="fl-7"/>
      </object_component>
      <object_component id="oc-24d">
         <name>.text.__gedf2</name>
         <load_address>0x2a88</load_address>
         <readonly>true</readonly>
         <executable>true</executable>
         <run_address>0x2a88</run_address>
         <size>0x74</size>
         <alignment>0x4</alignment>
         <input_file_ref idref="fl-114"/>
      </object_component>
      <object_component id="oc-113">
         <name>.text.IR_Module_Read</name>
         <load_address>0x2afc</load_address>
         <readonly>true</readonly>
         <executable>true</executable>
         <run_address>0x2afc</run_address>
         <size>0x70</size>
         <alignment>0x4</alignment>
         <input_file_ref idref="fl-4"/>
      </object_component>
      <object_component id="oc-247">
         <name>.text.__ledf2</name>
         <load_address>0x2b6c</load_address>
         <readonly>true</readonly>
         <executable>true</executable>
         <run_address>0x2b6c</run_address>
         <size>0x68</size>
         <alignment>0x4</alignment>
         <input_file_ref idref="fl-114"/>
      </object_component>
      <object_component id="oc-246">
         <name>.text._mcpy</name>
         <load_address>0x2bd4</load_address>
         <readonly>true</readonly>
         <executable>true</executable>
         <run_address>0x2bd4</run_address>
         <size>0x66</size>
         <alignment>0x2</alignment>
         <input_file_ref idref="fl-45"/>
      </object_component>
      <object_component id="oc-ec">
         <name>.text.OLED_Clear</name>
         <load_address>0x2c3a</load_address>
         <readonly>true</readonly>
         <executable>true</executable>
         <run_address>0x2c3a</run_address>
         <size>0x62</size>
         <alignment>0x2</alignment>
         <input_file_ref idref="fl-a"/>
      </object_component>
      <object_component id="oc-207">
         <name>.text.__aeabi_dcmp</name>
         <load_address>0x2c9c</load_address>
         <readonly>true</readonly>
         <executable>true</executable>
         <run_address>0x2c9c</run_address>
         <size>0x62</size>
         <alignment>0x4</alignment>
         <input_file_ref idref="fl-10a"/>
      </object_component>
      <object_component id="oc-ad">
         <name>.text.__aeabi_fcmp</name>
         <load_address>0x2d00</load_address>
         <readonly>true</readonly>
         <executable>true</executable>
         <run_address>0x2d00</run_address>
         <size>0x62</size>
         <alignment>0x4</alignment>
         <input_file_ref idref="fl-10b"/>
      </object_component>
      <object_component id="oc-110">
         <name>.text.angle_diff</name>
         <load_address>0x2d64</load_address>
         <readonly>true</readonly>
         <executable>true</executable>
         <run_address>0x2d64</run_address>
         <size>0x60</size>
         <alignment>0x4</alignment>
         <input_file_ref idref="fl-1"/>
      </object_component>
      <object_component id="oc-1d4">
         <name>.text.DL_I2C_fillControllerTXFIFO</name>
         <load_address>0x2dc4</load_address>
         <readonly>true</readonly>
         <executable>true</executable>
         <run_address>0x2dc4</run_address>
         <size>0x5e</size>
         <alignment>0x2</alignment>
         <input_file_ref idref="fl-1a"/>
      </object_component>
      <object_component id="oc-e3">
         <name>.text.SYSCFG_DL_UART_0_init</name>
         <load_address>0x2e24</load_address>
         <readonly>true</readonly>
         <executable>true</executable>
         <run_address>0x2e24</run_address>
         <size>0x5c</size>
         <alignment>0x4</alignment>
         <input_file_ref idref="fl-2"/>
      </object_component>
      <object_component id="oc-22a">
         <name>.text.frexp</name>
         <load_address>0x2e80</load_address>
         <readonly>true</readonly>
         <executable>true</executable>
         <run_address>0x2e80</run_address>
         <size>0x5c</size>
         <alignment>0x4</alignment>
         <input_file_ref idref="fl-48"/>
      </object_component>
      <object_component id="oc-ac">
         <name>.text.OLED_ShowString</name>
         <load_address>0x2edc</load_address>
         <readonly>true</readonly>
         <executable>true</executable>
         <run_address>0x2edc</run_address>
         <size>0x58</size>
         <alignment>0x2</alignment>
         <input_file_ref idref="fl-a"/>
      </object_component>
      <object_component id="oc-e2">
         <name>.text.SYSCFG_DL_I2C_1_init</name>
         <load_address>0x2f34</load_address>
         <readonly>true</readonly>
         <executable>true</executable>
         <run_address>0x2f34</run_address>
         <size>0x58</size>
         <alignment>0x4</alignment>
         <input_file_ref idref="fl-2"/>
      </object_component>
      <object_component id="oc-236">
         <name>.text.__TI_ltoa</name>
         <load_address>0x2f8c</load_address>
         <readonly>true</readonly>
         <executable>true</executable>
         <run_address>0x2f8c</run_address>
         <size>0x58</size>
         <alignment>0x2</alignment>
         <input_file_ref idref="fl-4d"/>
      </object_component>
      <object_component id="oc-20c">
         <name>.text._pconv_f</name>
         <load_address>0x2fe4</load_address>
         <readonly>true</readonly>
         <executable>true</executable>
         <run_address>0x2fe4</run_address>
         <size>0x58</size>
         <alignment>0x2</alignment>
         <input_file_ref idref="fl-45"/>
      </object_component>
      <object_component id="oc-269">
         <name>.text.__aeabi_idivmod</name>
         <load_address>0x303c</load_address>
         <readonly>true</readonly>
         <executable>true</executable>
         <run_address>0x303c</run_address>
         <size>0x56</size>
         <alignment>0x4</alignment>
         <input_file_ref idref="fl-10c"/>
      </object_component>
      <object_component id="oc-244">
         <name>.text._ecpy</name>
         <load_address>0x3092</load_address>
         <readonly>true</readonly>
         <executable>true</executable>
         <run_address>0x3092</run_address>
         <size>0x52</size>
         <alignment>0x2</alignment>
         <input_file_ref idref="fl-45"/>
      </object_component>
      <object_component id="oc-1d6">
         <name>.text.DL_I2C_startControllerTransfer</name>
         <load_address>0x30e4</load_address>
         <readonly>true</readonly>
         <executable>true</executable>
         <run_address>0x30e4</run_address>
         <size>0x50</size>
         <alignment>0x4</alignment>
         <input_file_ref idref="fl-6"/>
      </object_component>
      <object_component id="oc-a1">
         <name>.text.Get_TotalDistanceA_cm</name>
         <load_address>0x3134</load_address>
         <readonly>true</readonly>
         <executable>true</executable>
         <run_address>0x3134</run_address>
         <size>0x50</size>
         <alignment>0x4</alignment>
         <input_file_ref idref="fl-7"/>
      </object_component>
      <object_component id="oc-184">
         <name>.text.DL_UART_setBaudRateDivisor</name>
         <load_address>0x3184</load_address>
         <readonly>true</readonly>
         <executable>true</executable>
         <run_address>0x3184</run_address>
         <size>0x4c</size>
         <alignment>0x4</alignment>
         <input_file_ref idref="fl-2"/>
      </object_component>
      <object_component id="oc-a6">
         <name>.text.snprintf</name>
         <load_address>0x31d0</load_address>
         <readonly>true</readonly>
         <executable>true</executable>
         <run_address>0x31d0</run_address>
         <size>0x4c</size>
         <alignment>0x4</alignment>
         <input_file_ref idref="fl-34"/>
      </object_component>
      <object_component id="oc-191">
         <name>.text.OLED_I2C_WriteByte</name>
         <load_address>0x321c</load_address>
         <readonly>true</readonly>
         <executable>true</executable>
         <run_address>0x321c</run_address>
         <size>0x4a</size>
         <alignment>0x2</alignment>
         <input_file_ref idref="fl-a"/>
      </object_component>
      <object_component id="oc-232">
         <name>.text.__fixdfsi</name>
         <load_address>0x3268</load_address>
         <readonly>true</readonly>
         <executable>true</executable>
         <run_address>0x3268</run_address>
         <size>0x4a</size>
         <alignment>0x4</alignment>
         <input_file_ref idref="fl-104"/>
      </object_component>
      <object_component id="oc-182">
         <name>.text.DL_UART_init</name>
         <load_address>0x32b4</load_address>
         <readonly>true</readonly>
         <executable>true</executable>
         <run_address>0x32b4</run_address>
         <size>0x48</size>
         <alignment>0x4</alignment>
         <input_file_ref idref="fl-1c"/>
      </object_component>
      <object_component id="oc-156">
         <name>.text.DL_SYSCTL_switchMCLKfromSYSOSCtoHSCLK</name>
         <load_address>0x32fc</load_address>
         <readonly>true</readonly>
         <executable>true</executable>
         <run_address>0x32fc</run_address>
         <size>0x44</size>
         <alignment>0x4</alignment>
         <input_file_ref idref="fl-1d"/>
      </object_component>
      <object_component id="oc-de">
         <name>.text.SYSCFG_DL_SYSCTL_init</name>
         <load_address>0x3340</load_address>
         <readonly>true</readonly>
         <executable>true</executable>
         <run_address>0x3340</run_address>
         <size>0x40</size>
         <alignment>0x4</alignment>
         <input_file_ref idref="fl-2"/>
      </object_component>
      <object_component id="oc-1ea">
         <name>.text.__aeabi_uidivmod</name>
         <load_address>0x3380</load_address>
         <readonly>true</readonly>
         <executable>true</executable>
         <run_address>0x3380</run_address>
         <size>0x40</size>
         <alignment>0x4</alignment>
         <input_file_ref idref="fl-10f"/>
      </object_component>
      <object_component id="oc-a2">
         <name>.text.__extendsfdf2</name>
         <load_address>0x33c0</load_address>
         <readonly>true</readonly>
         <executable>true</executable>
         <run_address>0x33c0</run_address>
         <size>0x40</size>
         <alignment>0x4</alignment>
         <input_file_ref idref="fl-103"/>
      </object_component>
      <object_component id="oc-1f0">
         <name>.text.atoi</name>
         <load_address>0x3400</load_address>
         <readonly>true</readonly>
         <executable>true</executable>
         <run_address>0x3400</run_address>
         <size>0x40</size>
         <alignment>0x4</alignment>
         <input_file_ref idref="fl-4f"/>
      </object_component>
      <object_component id="oc-140">
         <name>.text.DL_GPIO_initPeripheralInputFunctionFeatures</name>
         <load_address>0x3440</load_address>
         <readonly>true</readonly>
         <executable>true</executable>
         <run_address>0x3440</run_address>
         <size>0x3c</size>
         <alignment>0x4</alignment>
         <input_file_ref idref="fl-2"/>
      </object_component>
      <object_component id="oc-1d7">
         <name>.text.DL_I2C_flushControllerTXFIFO</name>
         <load_address>0x347c</load_address>
         <readonly>true</readonly>
         <executable>true</executable>
         <run_address>0x347c</run_address>
         <size>0x3c</size>
         <alignment>0x4</alignment>
         <input_file_ref idref="fl-1a"/>
      </object_component>
      <object_component id="oc-15f">
         <name>.text.DL_Timer_setCounterControl</name>
         <load_address>0x34b8</load_address>
         <readonly>true</readonly>
         <executable>true</executable>
         <run_address>0x34b8</run_address>
         <size>0x3c</size>
         <alignment>0x4</alignment>
         <input_file_ref idref="fl-2"/>
      </object_component>
      <object_component id="oc-8e">
         <name>.text.SYSCFG_DL_init</name>
         <load_address>0x34f4</load_address>
         <readonly>true</readonly>
         <executable>true</executable>
         <run_address>0x34f4</run_address>
         <size>0x3c</size>
         <alignment>0x4</alignment>
         <input_file_ref idref="fl-2"/>
      </object_component>
      <object_component id="oc-19f">
         <name>.text.__floatsisf</name>
         <load_address>0x3530</load_address>
         <readonly>true</readonly>
         <executable>true</executable>
         <run_address>0x3530</run_address>
         <size>0x3c</size>
         <alignment>0x4</alignment>
         <input_file_ref idref="fl-107"/>
      </object_component>
      <object_component id="oc-108">
         <name>.text.__gtsf2</name>
         <load_address>0x356c</load_address>
         <readonly>true</readonly>
         <executable>true</executable>
         <run_address>0x356c</run_address>
         <size>0x3c</size>
         <alignment>0x4</alignment>
         <input_file_ref idref="fl-111"/>
      </object_component>
      <object_component id="oc-c3">
         <name>.text:__TI_auto_init_nobinit_nopinit</name>
         <load_address>0x35a8</load_address>
         <readonly>true</readonly>
         <executable>true</executable>
         <run_address>0x35a8</run_address>
         <size>0x3c</size>
         <alignment>0x4</alignment>
         <input_file_ref idref="fl-3f"/>
      </object_component>
      <object_component id="oc-103">
         <name>.text.__eqsf2</name>
         <load_address>0x35e4</load_address>
         <readonly>true</readonly>
         <executable>true</executable>
         <run_address>0x35e4</run_address>
         <size>0x3a</size>
         <alignment>0x4</alignment>
         <input_file_ref idref="fl-111"/>
      </object_component>
      <object_component id="oc-1dc">
         <name>.text.__muldsi3</name>
         <load_address>0x3620</load_address>
         <readonly>true</readonly>
         <executable>true</executable>
         <run_address>0x3620</run_address>
         <size>0x3a</size>
         <alignment>0x4</alignment>
         <input_file_ref idref="fl-ff"/>
      </object_component>
      <object_component id="oc-eb">
         <name>.text.OLED_WriteCommand</name>
         <load_address>0x365a</load_address>
         <readonly>true</readonly>
         <executable>true</executable>
         <run_address>0x365a</run_address>
         <size>0x36</size>
         <alignment>0x2</alignment>
         <input_file_ref idref="fl-a"/>
      </object_component>
      <object_component id="oc-194">
         <name>.text.OLED_WriteData</name>
         <load_address>0x3690</load_address>
         <readonly>true</readonly>
         <executable>true</executable>
         <run_address>0x3690</run_address>
         <size>0x36</size>
         <alignment>0x2</alignment>
         <input_file_ref idref="fl-a"/>
      </object_component>
      <object_component id="oc-144">
         <name>.text.DL_GPIO_initDigitalInputFeatures</name>
         <load_address>0x36c8</load_address>
         <readonly>true</readonly>
         <executable>true</executable>
         <run_address>0x36c8</run_address>
         <size>0x34</size>
         <alignment>0x4</alignment>
         <input_file_ref idref="fl-2"/>
      </object_component>
      <object_component id="oc-ed">
         <name>.text.OLED_SetPos</name>
         <load_address>0x36fc</load_address>
         <readonly>true</readonly>
         <executable>true</executable>
         <run_address>0x36fc</run_address>
         <size>0x34</size>
         <alignment>0x2</alignment>
         <input_file_ref idref="fl-a"/>
      </object_component>
      <object_component id="oc-18f">
         <name>.text.OLED_W_SDA</name>
         <load_address>0x3730</load_address>
         <readonly>true</readonly>
         <executable>true</executable>
         <run_address>0x3730</run_address>
         <size>0x34</size>
         <alignment>0x4</alignment>
         <input_file_ref idref="fl-a"/>
      </object_component>
      <object_component id="oc-e1">
         <name>.text.SYSCFG_DL_TIMER_0_init</name>
         <load_address>0x3764</load_address>
         <readonly>true</readonly>
         <executable>true</executable>
         <run_address>0x3764</run_address>
         <size>0x34</size>
         <alignment>0x4</alignment>
         <input_file_ref idref="fl-2"/>
      </object_component>
      <object_component id="oc-18e">
         <name>.text.OLED_W_SCL</name>
         <load_address>0x3798</load_address>
         <readonly>true</readonly>
         <executable>true</executable>
         <run_address>0x3798</run_address>
         <size>0x30</size>
         <alignment>0x4</alignment>
         <input_file_ref idref="fl-a"/>
      </object_component>
      <object_component id="oc-245">
         <name>.text._fcpy</name>
         <load_address>0x37c8</load_address>
         <readonly>true</readonly>
         <executable>true</executable>
         <run_address>0x37c8</run_address>
         <size>0x30</size>
         <alignment>0x2</alignment>
         <input_file_ref idref="fl-45"/>
      </object_component>
      <object_component id="oc-fe">
         <name>.text._outs</name>
         <load_address>0x37f8</load_address>
         <readonly>true</readonly>
         <executable>true</executable>
         <run_address>0x37f8</run_address>
         <size>0x30</size>
         <alignment>0x2</alignment>
         <input_file_ref idref="fl-34"/>
      </object_component>
      <object_component id="oc-b6">
         <name>.text.delay_ms</name>
         <load_address>0x3828</load_address>
         <readonly>true</readonly>
         <executable>true</executable>
         <run_address>0x3828</run_address>
         <size>0x30</size>
         <alignment>0x4</alignment>
         <input_file_ref idref="fl-5"/>
      </object_component>
      <object_component id="oc-94">
         <name>.text.__NVIC_ClearPendingIRQ</name>
         <load_address>0x3858</load_address>
         <readonly>true</readonly>
         <executable>true</executable>
         <run_address>0x3858</run_address>
         <size>0x2c</size>
         <alignment>0x4</alignment>
         <input_file_ref idref="fl-1"/>
      </object_component>
      <object_component id="oc-95">
         <name>.text.__NVIC_EnableIRQ</name>
         <load_address>0x3884</load_address>
         <readonly>true</readonly>
         <executable>true</executable>
         <run_address>0x3884</run_address>
         <size>0x2c</size>
         <alignment>0x4</alignment>
         <input_file_ref idref="fl-1"/>
      </object_component>
      <object_component id="oc-23a">
         <name>.text.__floatsidf</name>
         <load_address>0x38b0</load_address>
         <readonly>true</readonly>
         <executable>true</executable>
         <run_address>0x38b0</run_address>
         <size>0x2c</size>
         <alignment>0x4</alignment>
         <input_file_ref idref="fl-106"/>
      </object_component>
      <object_component id="oc-20e">
         <name>.text.DL_Common_updateReg</name>
         <load_address>0x38dc</load_address>
         <readonly>true</readonly>
         <executable>true</executable>
         <run_address>0x38dc</run_address>
         <size>0x28</size>
         <alignment>0x2</alignment>
         <input_file_ref idref="fl-6"/>
      </object_component>
      <object_component id="oc-1c9">
         <name>.text.DL_Common_updateReg</name>
         <load_address>0x3904</load_address>
         <readonly>true</readonly>
         <executable>true</executable>
         <run_address>0x3904</run_address>
         <size>0x28</size>
         <alignment>0x2</alignment>
         <input_file_ref idref="fl-2"/>
      </object_component>
      <object_component id="oc-178">
         <name>.text.DL_I2C_setControllerRXFIFOThreshold</name>
         <load_address>0x392c</load_address>
         <readonly>true</readonly>
         <executable>true</executable>
         <run_address>0x392c</run_address>
         <size>0x28</size>
         <alignment>0x4</alignment>
         <input_file_ref idref="fl-2"/>
      </object_component>
      <object_component id="oc-177">
         <name>.text.DL_I2C_setControllerTXFIFOThreshold</name>
         <load_address>0x3954</load_address>
         <readonly>true</readonly>
         <executable>true</executable>
         <run_address>0x3954</run_address>
         <size>0x28</size>
         <alignment>0x4</alignment>
         <input_file_ref idref="fl-2"/>
      </object_component>
      <object_component id="oc-18c">
         <name>.text.DL_SYSTICK_init</name>
         <load_address>0x397c</load_address>
         <readonly>true</readonly>
         <executable>true</executable>
         <run_address>0x397c</run_address>
         <size>0x28</size>
         <alignment>0x4</alignment>
         <input_file_ref idref="fl-2"/>
      </object_component>
      <object_component id="oc-186">
         <name>.text.DL_UART_setRXFIFOThreshold</name>
         <load_address>0x39a4</load_address>
         <readonly>true</readonly>
         <executable>true</executable>
         <run_address>0x39a4</run_address>
         <size>0x28</size>
         <alignment>0x4</alignment>
         <input_file_ref idref="fl-2"/>
      </object_component>
      <object_component id="oc-187">
         <name>.text.DL_UART_setTXFIFOThreshold</name>
         <load_address>0x39cc</load_address>
         <readonly>true</readonly>
         <executable>true</executable>
         <run_address>0x39cc</run_address>
         <size>0x28</size>
         <alignment>0x4</alignment>
         <input_file_ref idref="fl-2"/>
      </object_component>
      <object_component id="oc-59">
         <name>.text:_c_int00_noargs</name>
         <load_address>0x39f4</load_address>
         <readonly>true</readonly>
         <executable>true</executable>
         <run_address>0x39f4</run_address>
         <size>0x28</size>
         <alignment>0x4</alignment>
         <input_file_ref idref="fl-3d"/>
      </object_component>
      <object_component id="oc-173">
         <name>.text.DL_I2C_setAnalogGlitchFilterPulseWidth</name>
         <load_address>0x3a1c</load_address>
         <readonly>true</readonly>
         <executable>true</executable>
         <run_address>0x3a1c</run_address>
         <size>0x26</size>
         <alignment>0x2</alignment>
         <input_file_ref idref="fl-2"/>
      </object_component>
      <object_component id="oc-16d">
         <name>.text.DL_I2C_setClockConfig</name>
         <load_address>0x3a42</load_address>
         <readonly>true</readonly>
         <executable>true</executable>
         <run_address>0x3a42</run_address>
         <size>0x26</size>
         <alignment>0x2</alignment>
         <input_file_ref idref="fl-1a"/>
      </object_component>
      <object_component id="oc-f1">
         <name>.text.Single_ReadI2C</name>
         <load_address>0x3a68</load_address>
         <readonly>true</readonly>
         <executable>true</executable>
         <run_address>0x3a68</run_address>
         <size>0x26</size>
         <alignment>0x2</alignment>
         <input_file_ref idref="fl-9"/>
      </object_component>
      <object_component id="oc-190">
         <name>.text.OLED_I2C_Start</name>
         <load_address>0x3a8e</load_address>
         <readonly>true</readonly>
         <executable>true</executable>
         <run_address>0x3a8e</run_address>
         <size>0x24</size>
         <alignment>0x2</alignment>
         <input_file_ref idref="fl-a"/>
      </object_component>
      <object_component id="oc-f0">
         <name>.text.Single_WriteI2C</name>
         <load_address>0x3ab2</load_address>
         <readonly>true</readonly>
         <executable>true</executable>
         <run_address>0x3ab2</run_address>
         <size>0x24</size>
         <alignment>0x2</alignment>
         <input_file_ref idref="fl-9"/>
      </object_component>
      <object_component id="oc-1fd">
         <name>.text.__muldi3</name>
         <load_address>0x3ad8</load_address>
         <readonly>true</readonly>
         <executable>true</executable>
         <run_address>0x3ad8</run_address>
         <size>0x24</size>
         <alignment>0x4</alignment>
         <input_file_ref idref="fl-108"/>
      </object_component>
      <object_component id="oc-1e5">
         <name>.text.memccpy</name>
         <load_address>0x3afc</load_address>
         <readonly>true</readonly>
         <executable>true</executable>
         <run_address>0x3afc</run_address>
         <size>0x22</size>
         <alignment>0x2</alignment>
         <input_file_ref idref="fl-50"/>
      </object_component>
      <object_component id="oc-142">
         <name>.text.DL_GPIO_initPeripheralInputFunction</name>
         <load_address>0x3b20</load_address>
         <readonly>true</readonly>
         <executable>true</executable>
         <run_address>0x3b20</run_address>
         <size>0x20</size>
         <alignment>0x4</alignment>
         <input_file_ref idref="fl-2"/>
      </object_component>
      <object_component id="oc-14a">
         <name>.text.DL_SYSCTL_setFlashWaitState</name>
         <load_address>0x3b40</load_address>
         <readonly>true</readonly>
         <executable>true</executable>
         <run_address>0x3b40</run_address>
         <size>0x20</size>
         <alignment>0x4</alignment>
         <input_file_ref idref="fl-2"/>
      </object_component>
      <object_component id="oc-183">
         <name>.text.DL_UART_setOversampling</name>
         <load_address>0x3b60</load_address>
         <readonly>true</readonly>
         <executable>true</executable>
         <run_address>0x3b60</run_address>
         <size>0x1e</size>
         <alignment>0x2</alignment>
         <input_file_ref idref="fl-2"/>
      </object_component>
      <object_component id="oc-25d">
         <name>.text.__ashldi3</name>
         <load_address>0x3b80</load_address>
         <readonly>true</readonly>
         <executable>true</executable>
         <run_address>0x3b80</run_address>
         <size>0x1e</size>
         <alignment>0x4</alignment>
         <input_file_ref idref="fl-113"/>
      </object_component>
      <object_component id="oc-62">
         <name>.text.DL_GPIO_clearInterruptStatus</name>
         <load_address>0x3ba0</load_address>
         <readonly>true</readonly>
         <executable>true</executable>
         <run_address>0x3ba0</run_address>
         <size>0x1c</size>
         <alignment>0x4</alignment>
         <input_file_ref idref="fl-7"/>
      </object_component>
      <object_component id="oc-147">
         <name>.text.DL_GPIO_clearInterruptStatus</name>
         <load_address>0x3bbc</load_address>
         <readonly>true</readonly>
         <executable>true</executable>
         <run_address>0x3bbc</run_address>
         <size>0x1c</size>
         <alignment>0x4</alignment>
         <input_file_ref idref="fl-2"/>
      </object_component>
      <object_component id="oc-141">
         <name>.text.DL_GPIO_enableHiZ</name>
         <load_address>0x3bd8</load_address>
         <readonly>true</readonly>
         <executable>true</executable>
         <run_address>0x3bd8</run_address>
         <size>0x1c</size>
         <alignment>0x4</alignment>
         <input_file_ref idref="fl-2"/>
      </object_component>
      <object_component id="oc-148">
         <name>.text.DL_GPIO_enableInterrupt</name>
         <load_address>0x3bf4</load_address>
         <readonly>true</readonly>
         <executable>true</executable>
         <run_address>0x3bf4</run_address>
         <size>0x1c</size>
         <alignment>0x4</alignment>
         <input_file_ref idref="fl-2"/>
      </object_component>
      <object_component id="oc-13e">
         <name>.text.DL_GPIO_initPeripheralOutputFunction</name>
         <load_address>0x3c10</load_address>
         <readonly>true</readonly>
         <executable>true</executable>
         <run_address>0x3c10</run_address>
         <size>0x1c</size>
         <alignment>0x4</alignment>
         <input_file_ref idref="fl-2"/>
      </object_component>
      <object_component id="oc-146">
         <name>.text.DL_GPIO_setLowerPinsPolarity</name>
         <load_address>0x3c2c</load_address>
         <readonly>true</readonly>
         <executable>true</executable>
         <run_address>0x3c2c</run_address>
         <size>0x1c</size>
         <alignment>0x4</alignment>
         <input_file_ref idref="fl-2"/>
      </object_component>
      <object_component id="oc-1da">
         <name>.text.DL_I2C_isControllerRXFIFOEmpty</name>
         <load_address>0x3c48</load_address>
         <readonly>true</readonly>
         <executable>true</executable>
         <run_address>0x3c48</run_address>
         <size>0x1c</size>
         <alignment>0x4</alignment>
         <input_file_ref idref="fl-6"/>
      </object_component>
      <object_component id="oc-14b">
         <name>.text.DL_SYSCTL_setSYSOSCFreq</name>
         <load_address>0x3c64</load_address>
         <readonly>true</readonly>
         <executable>true</executable>
         <run_address>0x3c64</run_address>
         <size>0x1c</size>
         <alignment>0x4</alignment>
         <input_file_ref idref="fl-2"/>
      </object_component>
      <object_component id="oc-154">
         <name>.text.DL_SYSCTL_setULPCLKDivider</name>
         <load_address>0x3c80</load_address>
         <readonly>true</readonly>
         <executable>true</executable>
         <run_address>0x3c80</run_address>
         <size>0x1c</size>
         <alignment>0x4</alignment>
         <input_file_ref idref="fl-2"/>
      </object_component>
      <object_component id="oc-16a">
         <name>.text.DL_Timer_enableInterrupt</name>
         <load_address>0x3c9c</load_address>
         <readonly>true</readonly>
         <executable>true</executable>
         <run_address>0x3c9c</run_address>
         <size>0x1c</size>
         <alignment>0x4</alignment>
         <input_file_ref idref="fl-2"/>
      </object_component>
      <object_component id="oc-161">
         <name>.text.DL_Timer_setCaptCompUpdateMethod</name>
         <load_address>0x3cb8</load_address>
         <readonly>true</readonly>
         <executable>true</executable>
         <run_address>0x3cb8</run_address>
         <size>0x1c</size>
         <alignment>0x4</alignment>
         <input_file_ref idref="fl-1b"/>
      </object_component>
      <object_component id="oc-158">
         <name>.text.DL_Timer_setClockConfig</name>
         <load_address>0x3cd4</load_address>
         <readonly>true</readonly>
         <executable>true</executable>
         <run_address>0x3cd4</run_address>
         <size>0x1c</size>
         <alignment>0x4</alignment>
         <input_file_ref idref="fl-1b"/>
      </object_component>
      <object_component id="oc-193">
         <name>.text.OLED_I2C_Stop</name>
         <load_address>0x3cf0</load_address>
         <readonly>true</readonly>
         <executable>true</executable>
         <run_address>0x3cf0</run_address>
         <size>0x1c</size>
         <alignment>0x2</alignment>
         <input_file_ref idref="fl-a"/>
      </object_component>
      <object_component id="oc-192">
         <name>.text.OLED_I2C_WaitAck</name>
         <load_address>0x3d0c</load_address>
         <readonly>true</readonly>
         <executable>true</executable>
         <run_address>0x3d0c</run_address>
         <size>0x1c</size>
         <alignment>0x2</alignment>
         <input_file_ref idref="fl-a"/>
      </object_component>
      <object_component id="oc-a0">
         <name>.text.clear_coder</name>
         <load_address>0x3d28</load_address>
         <readonly>true</readonly>
         <executable>true</executable>
         <run_address>0x3d28</run_address>
         <size>0x1c</size>
         <alignment>0x4</alignment>
         <input_file_ref idref="fl-7"/>
      </object_component>
      <object_component id="oc-13f">
         <name>.text.DL_GPIO_enableOutput</name>
         <load_address>0x3d44</load_address>
         <readonly>true</readonly>
         <executable>true</executable>
         <run_address>0x3d44</run_address>
         <size>0x18</size>
         <alignment>0x4</alignment>
         <input_file_ref idref="fl-2"/>
      </object_component>
      <object_component id="oc-136">
         <name>.text.DL_GPIO_enablePower</name>
         <load_address>0x3d5c</load_address>
         <readonly>true</readonly>
         <executable>true</executable>
         <run_address>0x3d5c</run_address>
         <size>0x18</size>
         <alignment>0x4</alignment>
         <input_file_ref idref="fl-2"/>
      </object_component>
      <object_component id="oc-60">
         <name>.text.DL_GPIO_getEnabledInterruptStatus</name>
         <load_address>0x3d74</load_address>
         <readonly>true</readonly>
         <executable>true</executable>
         <run_address>0x3d74</run_address>
         <size>0x18</size>
         <alignment>0x4</alignment>
         <input_file_ref idref="fl-7"/>
      </object_component>
      <object_component id="oc-143">
         <name>.text.DL_GPIO_initDigitalOutput</name>
         <load_address>0x3d8c</load_address>
         <readonly>true</readonly>
         <executable>true</executable>
         <run_address>0x3d8c</run_address>
         <size>0x18</size>
         <alignment>0x4</alignment>
         <input_file_ref idref="fl-2"/>
      </object_component>
      <object_component id="oc-132">
         <name>.text.DL_GPIO_reset</name>
         <load_address>0x3da4</load_address>
         <readonly>true</readonly>
         <executable>true</executable>
         <run_address>0x3da4</run_address>
         <size>0x18</size>
         <alignment>0x4</alignment>
         <input_file_ref idref="fl-2"/>
      </object_component>
      <object_component id="oc-1b3">
         <name>.text.DL_GPIO_setPins</name>
         <load_address>0x3dbc</load_address>
         <readonly>true</readonly>
         <executable>true</executable>
         <run_address>0x3dbc</run_address>
         <size>0x18</size>
         <alignment>0x4</alignment>
         <input_file_ref idref="fl-8"/>
      </object_component>
      <object_component id="oc-1d2">
         <name>.text.DL_GPIO_setPins</name>
         <load_address>0x3dd4</load_address>
         <readonly>true</readonly>
         <executable>true</executable>
         <run_address>0x3dd4</run_address>
         <size>0x18</size>
         <alignment>0x4</alignment>
         <input_file_ref idref="fl-a"/>
      </object_component>
      <object_component id="oc-174">
         <name>.text.DL_I2C_enableAnalogGlitchFilter</name>
         <load_address>0x3dec</load_address>
         <readonly>true</readonly>
         <executable>true</executable>
         <run_address>0x3dec</run_address>
         <size>0x18</size>
         <alignment>0x2</alignment>
         <input_file_ref idref="fl-2"/>
      </object_component>
      <object_component id="oc-17a">
         <name>.text.DL_I2C_enableController</name>
         <load_address>0x3e04</load_address>
         <readonly>true</readonly>
         <executable>true</executable>
         <run_address>0x3e04</run_address>
         <size>0x18</size>
         <alignment>0x4</alignment>
         <input_file_ref idref="fl-2"/>
      </object_component>
      <object_component id="oc-179">
         <name>.text.DL_I2C_enableControllerClockStretching</name>
         <load_address>0x3e1c</load_address>
         <readonly>true</readonly>
         <executable>true</executable>
         <run_address>0x3e1c</run_address>
         <size>0x18</size>
         <alignment>0x4</alignment>
         <input_file_ref idref="fl-2"/>
      </object_component>
      <object_component id="oc-138">
         <name>.text.DL_I2C_enablePower</name>
         <load_address>0x3e34</load_address>
         <readonly>true</readonly>
         <executable>true</executable>
         <run_address>0x3e34</run_address>
         <size>0x18</size>
         <alignment>0x4</alignment>
         <input_file_ref idref="fl-2"/>
      </object_component>
      <object_component id="oc-134">
         <name>.text.DL_I2C_reset</name>
         <load_address>0x3e4c</load_address>
         <readonly>true</readonly>
         <executable>true</executable>
         <run_address>0x3e4c</run_address>
         <size>0x18</size>
         <alignment>0x4</alignment>
         <input_file_ref idref="fl-2"/>
      </object_component>
      <object_component id="oc-176">
         <name>.text.DL_I2C_setTimerPeriod</name>
         <load_address>0x3e64</load_address>
         <readonly>true</readonly>
         <executable>true</executable>
         <run_address>0x3e64</run_address>
         <size>0x18</size>
         <alignment>0x4</alignment>
         <input_file_ref idref="fl-2"/>
      </object_component>
      <object_component id="oc-149">
         <name>.text.DL_SYSCTL_setBORThreshold</name>
         <load_address>0x3e7c</load_address>
         <readonly>true</readonly>
         <executable>true</executable>
         <run_address>0x3e7c</run_address>
         <size>0x18</size>
         <alignment>0x4</alignment>
         <input_file_ref idref="fl-2"/>
      </object_component>
      <object_component id="oc-137">
         <name>.text.DL_Timer_enablePower</name>
         <load_address>0x3e94</load_address>
         <readonly>true</readonly>
         <executable>true</executable>
         <run_address>0x3e94</run_address>
         <size>0x18</size>
         <alignment>0x4</alignment>
         <input_file_ref idref="fl-2"/>
      </object_component>
      <object_component id="oc-133">
         <name>.text.DL_Timer_reset</name>
         <load_address>0x3eac</load_address>
         <readonly>true</readonly>
         <executable>true</executable>
         <run_address>0x3eac</run_address>
         <size>0x18</size>
         <alignment>0x4</alignment>
         <input_file_ref idref="fl-2"/>
      </object_component>
      <object_component id="oc-160">
         <name>.text.DL_Timer_setCaptureCompareOutCtl</name>
         <load_address>0x3ec4</load_address>
         <readonly>true</readonly>
         <executable>true</executable>
         <run_address>0x3ec4</run_address>
         <size>0x18</size>
         <alignment>0x4</alignment>
         <input_file_ref idref="fl-1b"/>
      </object_component>
      <object_component id="oc-93">
         <name>.text.DL_Timer_startCounter</name>
         <load_address>0x3edc</load_address>
         <readonly>true</readonly>
         <executable>true</executable>
         <run_address>0x3edc</run_address>
         <size>0x18</size>
         <alignment>0x4</alignment>
         <input_file_ref idref="fl-1"/>
      </object_component>
      <object_component id="oc-185">
         <name>.text.DL_UART_enableFIFOs</name>
         <load_address>0x3ef4</load_address>
         <readonly>true</readonly>
         <executable>true</executable>
         <run_address>0x3ef4</run_address>
         <size>0x18</size>
         <alignment>0x2</alignment>
         <input_file_ref idref="fl-2"/>
      </object_component>
      <object_component id="oc-139">
         <name>.text.DL_UART_enablePower</name>
         <load_address>0x3f0c</load_address>
         <readonly>true</readonly>
         <executable>true</executable>
         <run_address>0x3f0c</run_address>
         <size>0x18</size>
         <alignment>0x4</alignment>
         <input_file_ref idref="fl-2"/>
      </object_component>
      <object_component id="oc-135">
         <name>.text.DL_UART_reset</name>
         <load_address>0x3f24</load_address>
         <readonly>true</readonly>
         <executable>true</executable>
         <run_address>0x3f24</run_address>
         <size>0x18</size>
[...]
         <value>0x1f61</value>
         <object_component_ref idref="oc-96"/>
      </symbol>
      <symbol id="sm-24d">
         <name>OLED_ShowChar</name>
         <value>0x20f1</value>
         <object_component_ref idref="oc-102"/>
      </symbol>
      <symbol id="sm-24e">
         <name>OLED_F8x16</name>
         <value>0x4230</value>
         <object_component_ref idref="oc-1b0"/>
      </symbol>
      <symbol id="sm-24f">
         <name>OLED_ShowString</name>
         <value>0x2edd</value>
         <object_component_ref idref="oc-ac"/>
      </symbol>
      <symbol id="sm-258">
         <name>tm1</name>
         <value>0x1401</value>
         <object_component_ref idref="oc-b2"/>
      </symbol>
      <symbol id="sm-259">
         <name>__TI_ATRegion0_src_addr</name>
         <value>0x0</value>
      </symbol>
      <symbol id="sm-25a">
         <name>__TI_ATRegion0_trg_addr</name>
         <value>0x0</value>
      </symbol>
      <symbol id="sm-25b">
         <name>__TI_ATRegion0_region_sz</name>
         <value>0x0</value>
      </symbol>
      <symbol id="sm-25c">
         <name>__TI_ATRegion1_src_addr</name>
         <value>0x0</value>
      </symbol>
      <symbol id="sm-25d">
         <name>__TI_ATRegion1_trg_addr</name>
         <value>0x0</value>
      </symbol>
      <symbol id="sm-25e">
         <name>__TI_ATRegion1_region_sz</name>
         <value>0x0</value>
      </symbol>
      <symbol id="sm-25f">
         <name>__TI_ATRegion2_src_addr</name>
         <value>0x0</value>
      </symbol>
      <symbol id="sm-260">
         <name>__TI_ATRegion2_trg_addr</name>
         <value>0x0</value>
      </symbol>
      <symbol id="sm-261">
         <name>__TI_ATRegion2_region_sz</name>
         <value>0x0</value>
      </symbol>
      <symbol id="sm-26a">
         <name>DL_Common_delayCycles</name>
         <value>0x41c9</value>
         <object_component_ref idref="oc-13a"/>
      </symbol>
      <symbol id="sm-279">
         <name>DL_I2C_setClockConfig</name>
         <value>0x3a43</value>
         <object_component_ref idref="oc-16d"/>
      </symbol>
      <symbol id="sm-27a">
         <name>DL_I2C_fillControllerTXFIFO</name>
         <value>0x2dc5</value>
         <object_component_ref idref="oc-1d4"/>
      </symbol>
      <symbol id="sm-27b">
         <name>DL_I2C_flushControllerTXFIFO</name>
         <value>0x347d</value>
         <object_component_ref idref="oc-1d7"/>
      </symbol>
      <symbol id="sm-297">
         <name>DL_Timer_setClockConfig</name>
         <value>0x3cd5</value>
         <object_component_ref idref="oc-158"/>
      </symbol>
      <symbol id="sm-298">
         <name>DL_Timer_initTimerMode</name>
         <value>0x1b09</value>
         <object_component_ref idref="oc-169"/>
      </symbol>
      <symbol id="sm-299">
         <name>DL_Timer_setCaptureCompareValue</name>
         <value>0x4161</value>
         <object_component_ref idref="oc-162"/>
      </symbol>
      <symbol id="sm-29a">
         <name>DL_Timer_setCaptCompUpdateMethod</name>
         <value>0x3cb9</value>
         <object_component_ref idref="oc-161"/>
      </symbol>
      <symbol id="sm-29b">
         <name>DL_Timer_setCaptureCompareOutCtl</name>
         <value>0x3ec5</value>
         <object_component_ref idref="oc-160"/>
      </symbol>
      <symbol id="sm-29c">
         <name>DL_Timer_initFourCCPWMMode</name>
         <value>0x1a05</value>
         <object_component_ref idref="oc-15e"/>
      </symbol>
      <symbol id="sm-2a9">
         <name>DL_UART_init</name>
         <value>0x32b5</value>
         <object_component_ref idref="oc-182"/>
      </symbol>
      <symbol id="sm-2aa">
         <name>DL_UART_setClockConfig</name>
         <value>0x410b</value>
         <object_component_ref idref="oc-17c"/>
      </symbol>
      <symbol id="sm-2b8">
         <name>DL_SYSCTL_configSYSPLL</name>
         <value>0x1cd5</value>
         <object_component_ref idref="oc-14e"/>
      </symbol>
      <symbol id="sm-2b9">
         <name>DL_SYSCTL_switchMCLKfromSYSOSCtoHSCLK</name>
         <value>0x32fd</value>
         <object_component_ref idref="oc-156"/>
      </symbol>
      <symbol id="sm-2ca">
         <name>snprintf</name>
         <value>0x31d1</value>
         <object_component_ref idref="oc-a6"/>
      </symbol>
      <symbol id="sm-2d9">
         <name>__aeabi_errno_addr</name>
         <value>0x41f9</value>
         <object_component_ref idref="oc-1f8"/>
      </symbol>
      <symbol id="sm-2da">
         <name>__aeabi_errno</name>
         <value>0x202001a0</value>
         <object_component_ref idref="oc-220"/>
      </symbol>
      <symbol id="sm-2e8">
         <name>_c_int00_noargs</name>
         <value>0x39f5</value>
         <object_component_ref idref="oc-59"/>
      </symbol>
      <symbol id="sm-2e9">
         <name>__stack</name>
         <value>0x20207e00</value>
         <object_component_ref idref="oc-1a"/>
      </symbol>
      <symbol id="sm-2f8">
         <name>__TI_auto_init_nobinit_nopinit</name>
         <value>0x35a9</value>
         <object_component_ref idref="oc-c3"/>
      </symbol>
      <symbol id="sm-300">
         <name>_system_pre_init</name>
         <value>0x422d</value>
         <object_component_ref idref="oc-75"/>
      </symbol>
      <symbol id="sm-30b">
         <name>__TI_zero_init_nomemset</name>
         <value>0x3ff1</value>
         <object_component_ref idref="oc-50"/>
      </symbol>
      <symbol id="sm-314">
         <name>__TI_decompress_none</name>
         <value>0x412f</value>
         <object_component_ref idref="oc-20"/>
      </symbol>
      <symbol id="sm-31f">
         <name>__TI_decompress_lzss</name>
         <value>0x2995</value>
         <object_component_ref idref="oc-1c"/>
      </symbol>
      <symbol id="sm-368">
         <name>__TI_printfi</name>
         <value>0xc1</value>
         <object_component_ref idref="oc-1af"/>
      </symbol>
      <symbol id="sm-374">
         <name>frexp</name>
         <value>0x2e81</value>
         <object_component_ref idref="oc-22a"/>
      </symbol>
      <symbol id="sm-375">
         <name>frexpl</name>
         <value>0x2e81</value>
         <object_component_ref idref="oc-22a"/>
      </symbol>
      <symbol id="sm-37f">
         <name>scalbn</name>
         <value>0x1db1</value>
         <object_component_ref idref="oc-22e"/>
      </symbol>
      <symbol id="sm-380">
         <name>ldexp</name>
         <value>0x1db1</value>
         <object_component_ref idref="oc-22e"/>
      </symbol>
      <symbol id="sm-381">
         <name>scalbnl</name>
         <value>0x1db1</value>
         <object_component_ref idref="oc-22e"/>
      </symbol>
      <symbol id="sm-382">
         <name>ldexpl</name>
         <value>0x1db1</value>
         <object_component_ref idref="oc-22e"/>
      </symbol>
      <symbol id="sm-38b">
         <name>wcslen</name>
         <value>0x4181</value>
         <object_component_ref idref="oc-1f4"/>
      </symbol>
      <symbol id="sm-395">
         <name>abort</name>
         <value>0x4209</value>
         <object_component_ref idref="oc-bc"/>
      </symbol>
      <symbol id="sm-39f">
         <name>__TI_ltoa</name>
         <value>0x2f8d</value>
         <object_component_ref idref="oc-236"/>
      </symbol>
      <symbol id="sm-3aa">
         <name>atoi</name>
         <value>0x3401</value>
         <object_component_ref idref="oc-1f0"/>
      </symbol>
      <symbol id="sm-3b3">
         <name>memccpy</name>
         <value>0x3afd</value>
         <object_component_ref idref="oc-1e5"/>
      </symbol>
      <symbol id="sm-3b4">
         <name>__aeabi_ctype_table_</name>
         <value>0x4820</value>
         <object_component_ref idref="oc-219"/>
      </symbol>
      <symbol id="sm-3b5">
         <name>__aeabi_ctype_table_C</name>
         <value>0x4820</value>
         <object_component_ref idref="oc-219"/>
      </symbol>
      <symbol id="sm-3bd">
         <name>HOSTexit</name>
         <value>0x4213</value>
         <object_component_ref idref="oc-121"/>
      </symbol>
      <symbol id="sm-3be">
         <name>C$$EXIT</name>
         <value>0x4212</value>
         <object_component_ref idref="oc-121"/>
      </symbol>
      <symbol id="sm-3ce">
         <name>__aeabi_fadd</name>
         <value>0x1e93</value>
         <object_component_ref idref="oc-f8"/>
      </symbol>
      <symbol id="sm-3cf">
         <name>__addsf3</name>
         <value>0x1e93</value>
         <object_component_ref idref="oc-f8"/>
      </symbol>
      <symbol id="sm-3d0">
         <name>__aeabi_fsub</name>
         <value>0x1e89</value>
         <object_component_ref idref="oc-f8"/>
      </symbol>
      <symbol id="sm-3d1">
         <name>__subsf3</name>
         <value>0x1e89</value>
         <object_component_ref idref="oc-f8"/>
      </symbol>
      <symbol id="sm-3d7">
         <name>__aeabi_dadd</name>
         <value>0x1277</value>
         <object_component_ref idref="oc-253"/>
      </symbol>
      <symbol id="sm-3d8">
         <name>__adddf3</name>
         <value>0x1277</value>
         <object_component_ref idref="oc-253"/>
      </symbol>
      <symbol id="sm-3d9">
         <name>__aeabi_dsub</name>
         <value>0x126d</value>
         <object_component_ref idref="oc-253"/>
      </symbol>
      <symbol id="sm-3da">
         <name>__subdf3</name>
         <value>0x126d</value>
         <object_component_ref idref="oc-253"/>
      </symbol>
      <symbol id="sm-3e3">
         <name>__aeabi_dmul</name>
         <value>0x1bf1</value>
         <object_component_ref idref="oc-23f"/>
      </symbol>
      <symbol id="sm-3e4">
         <name>__muldf3</name>
         <value>0x1bf1</value>
         <object_component_ref idref="oc-23f"/>
      </symbol>
      <symbol id="sm-3ea">
         <name>__muldsi3</name>
         <value>0x3621</value>
         <object_component_ref idref="oc-1dc"/>
      </symbol>
      <symbol id="sm-3f0">
         <name>__aeabi_fmul</name>
         <value>0x2885</value>
         <object_component_ref idref="oc-19b"/>
      </symbol>
      <symbol id="sm-3f1">
         <name>__mulsf3</name>
         <value>0x2885</value>
         <object_component_ref idref="oc-19b"/>
      </symbol>
      <symbol id="sm-3f7">
         <name>__aeabi_fdiv</name>
         <value>0x2911</value>
         <object_component_ref idref="oc-1a3"/>
      </symbol>
      <symbol id="sm-3f8">
         <name>__divsf3</name>
         <value>0x2911</value>
         <object_component_ref idref="oc-1a3"/>
      </symbol>
      <symbol id="sm-3fe">
         <name>__aeabi_ddiv</name>
         <value>0x18f9</value>
         <object_component_ref idref="oc-24f"/>
      </symbol>
      <symbol id="sm-3ff">
         <name>__divdf3</name>
         <value>0x18f9</value>
         <object_component_ref idref="oc-24f"/>
      </symbol>
      <symbol id="sm-405">
         <name>__aeabi_f2d</name>
         <value>0x33c1</value>
         <object_component_ref idref="oc-a2"/>
      </symbol>
      <symbol id="sm-406">
         <name>__extendsfdf2</name>
         <value>0x33c1</value>
         <object_component_ref idref="oc-a2"/>
      </symbol>
      <symbol id="sm-40c">
         <name>__aeabi_d2iz</name>
         <value>0x3269</value>
         <object_component_ref idref="oc-232"/>
      </symbol>
      <symbol id="sm-40d">
         <name>__fixdfsi</name>
         <value>0x3269</value>
         <object_component_ref idref="oc-232"/>
      </symbol>
      <symbol id="sm-413">
         <name>__aeabi_i2d</name>
         <value>0x38b1</value>
         <object_component_ref idref="oc-23a"/>
      </symbol>
      <symbol id="sm-414">
         <name>__floatsidf</name>
         <value>0x38b1</value>
         <object_component_ref idref="oc-23a"/>
      </symbol>
      <symbol id="sm-41a">
         <name>__aeabi_i2f</name>
         <value>0x3531</value>
         <object_component_ref idref="oc-19f"/>
      </symbol>
      <symbol id="sm-41b">
         <name>__floatsisf</name>
         <value>0x3531</value>
         <object_component_ref idref="oc-19f"/>
      </symbol>
      <symbol id="sm-421">
         <name>__aeabi_lmul</name>
         <value>0x3ad9</value>
         <object_component_ref idref="oc-1fd"/>
      </symbol>
      <symbol id="sm-422">
         <name>__muldi3</name>
         <value>0x3ad9</value>
         <object_component_ref idref="oc-1fd"/>
      </symbol>
      <symbol id="sm-428">
         <name>__aeabi_dcmpeq</name>
         <value>0x2c9d</value>
         <object_component_ref idref="oc-207"/>
      </symbol>
      <symbol id="sm-429">
         <name>__aeabi_dcmplt</name>
         <value>0x2cb1</value>
         <object_component_ref idref="oc-207"/>
      </symbol>
      <symbol id="sm-42a">
         <name>__aeabi_dcmple</name>
         <value>0x2cc5</value>
         <object_component_ref idref="oc-207"/>
      </symbol>
      <symbol id="sm-42b">
         <name>__aeabi_dcmpge</name>
         <value>0x2cd9</value>
         <object_component_ref idref="oc-207"/>
      </symbol>
      <symbol id="sm-42c">
         <name>__aeabi_dcmpgt</name>
         <value>0x2ced</value>
         <object_component_ref idref="oc-207"/>
      </symbol>
      <symbol id="sm-432">
         <name>__aeabi_fcmpeq</name>
         <value>0x2d01</value>
         <object_component_ref idref="oc-ad"/>
      </symbol>
      <symbol id="sm-433">
         <name>__aeabi_fcmplt</name>
         <value>0x2d15</value>
         <object_component_ref idref="oc-ad"/>
      </symbol>
      <symbol id="sm-434">
         <name>__aeabi_fcmple</name>
         <value>0x2d29</value>
         <object_component_ref idref="oc-ad"/>
      </symbol>
      <symbol id="sm-435">
         <name>__aeabi_fcmpge</name>
         <value>0x2d3d</value>
         <object_component_ref idref="oc-ad"/>
      </symbol>
      <symbol id="sm-436">
         <name>__aeabi_fcmpgt</name>
         <value>0x2d51</value>
         <object_component_ref idref="oc-ad"/>
      </symbol>
      <symbol id="sm-43c">
         <name>__aeabi_idiv</name>
         <value>0x303d</value>
         <object_component_ref idref="oc-269"/>
      </symbol>
      <symbol id="sm-43d">
         <name>__aeabi_idivmod</name>
         <value>0x303d</value>
         <object_component_ref idref="oc-269"/>
      </symbol>
      <symbol id="sm-443">
         <name>__aeabi_memcpy</name>
         <value>0x4201</value>
         <object_component_ref idref="oc-49"/>
      </symbol>
      <symbol id="sm-444">
         <name>__aeabi_memcpy4</name>
         <value>0x4201</value>
         <object_component_ref idref="oc-49"/>
      </symbol>
      <symbol id="sm-445">
         <name>__aeabi_memcpy8</name>
         <value>0x4201</value>
         <object_component_ref idref="oc-49"/>
      </symbol>
      <symbol id="sm-44c">
         <name>__aeabi_memset</name>
         <value>0x4191</value>
         <object_component_ref idref="oc-1e4"/>
      </symbol>
      <symbol id="sm-44d">
         <name>__aeabi_memset4</name>
         <value>0x4191</value>
         <object_component_ref idref="oc-1e4"/>
      </symbol>
      <symbol id="sm-44e">
         <name>__aeabi_memset8</name>
         <value>0x4191</value>
         <object_component_ref idref="oc-1e4"/>
      </symbol>
      <symbol id="sm-454">
         <name>__aeabi_uidiv</name>
         <value>0x3381</value>
         <object_component_ref idref="oc-1ea"/>
      </symbol>
      <symbol id="sm-455">
         <name>__aeabi_uidivmod</name>
         <value>0x3381</value>
         <object_component_ref idref="oc-1ea"/>
      </symbol>
      <symbol id="sm-45b">
         <name>__aeabi_uldivmod</name>
         <value>0x40d1</value>
         <object_component_ref idref="oc-202"/>
      </symbol>
      <symbol id="sm-464">
         <name>__eqsf2</name>
         <value>0x35e5</value>
         <object_component_ref idref="oc-103"/>
      </symbol>
      <symbol id="sm-465">
         <name>__lesf2</name>
         <value>0x35e5</value>
         <object_component_ref idref="oc-103"/>
      </symbol>
      <symbol id="sm-466">
         <name>__ltsf2</name>
         <value>0x35e5</value>
         <object_component_ref idref="oc-103"/>
      </symbol>
      <symbol id="sm-467">
         <name>__nesf2</name>
         <value>0x35e5</value>
         <object_component_ref idref="oc-103"/>
      </symbol>
      <symbol id="sm-468">
         <name>__cmpsf2</name>
         <value>0x35e5</value>
         <object_component_ref idref="oc-103"/>
      </symbol>
      <symbol id="sm-469">
         <name>__gtsf2</name>
         <value>0x356d</value>
         <object_component_ref idref="oc-108"/>
      </symbol>
      <symbol id="sm-46a">
         <name>__gesf2</name>
         <value>0x356d</value>
         <object_component_ref idref="oc-108"/>
      </symbol>
      <symbol id="sm-470">
         <name>__udivmoddi4</name>
         <value>0x2485</value>
         <object_component_ref idref="oc-225"/>
      </symbol>
      <symbol id="sm-476">
         <name>__aeabi_llsl</name>
         <value>0x3b81</value>
         <object_component_ref idref="oc-25d"/>
      </symbol>
      <symbol id="sm-477">
         <name>__ashldi3</name>
         <value>0x3b81</value>
         <object_component_ref idref="oc-25d"/>
      </symbol>
      <symbol id="sm-485">
         <name>__ledf2</name>
         <value>0x2b6d</value>
         <object_component_ref idref="oc-247"/>
      </symbol>
      <symbol id="sm-486">
         <name>__gedf2</name>
         <value>0x2a89</value>
         <object_component_ref idref="oc-24d"/>
      </symbol>
      <symbol id="sm-487">
         <name>__cmpdf2</name>
         <value>0x2b6d</value>
         <object_component_ref idref="oc-247"/>
      </symbol>
      <symbol id="sm-488">
         <name>__eqdf2</name>
         <value>0x2b6d</value>
         <object_component_ref idref="oc-247"/>
      </symbol>
      <symbol id="sm-489">
         <name>__ltdf2</name>
         <value>0x2b6d</value>
         <object_component_ref idref="oc-247"/>
      </symbol>
      <symbol id="sm-48a">
         <name>__nedf2</name>
         <value>0x2b6d</value>
         <object_component_ref idref="oc-247"/>
      </symbol>
      <symbol id="sm-48b">
         <name>__gtdf2</name>
         <value>0x2a89</value>
         <object_component_ref idref="oc-24d"/>
      </symbol>
      <symbol id="sm-497">
         <name>__aeabi_idiv0</name>
         <value>0x13ff</value>
         <object_component_ref idref="oc-213"/>
      </symbol>
      <symbol id="sm-498">
         <name>__aeabi_ldiv0</name>
         <value>0x202b</value>
         <object_component_ref idref="oc-25c"/>
      </symbol>
      <symbol id="sm-4a1">
         <name>TI_memcpy_small</name>
         <value>0x411d</value>
         <object_component_ref idref="oc-84"/>
      </symbol>
      <symbol id="sm-4aa">
         <name>TI_memset_small</name>
         <value>0x41ad</value>
         <object_component_ref idref="oc-d6"/>
      </symbol>
      <symbol id="sm-4ab">
         <name>__TI_static_base__</name>
         <value>0x0</value>
      </symbol>
      <symbol id="sm-4af">
         <name>__mpu_init</name>
         <value>0x0</value>
      </symbol>
      <symbol id="sm-4b0">
         <name>_system_post_cinit</name>
         <value>0x0</value>
      </symbol>
   </symbol_table>
   <title>Link successful</title>
</link_info>
