******************************************************************************
            TI ARM Clang Linker PC v4.0.3                      
******************************************************************************
>> Linked Sat Aug  2 19:24:26 2025

OUTPUT FILE NAME:   <empty_LP_MSPM0G3507_nortos_ticlang.out>
ENTRY POINT SYMBOL: "_c_int00_noargs"  address: 000039f5


MEMORY CONFIGURATION

         name            origin    length      used     unused   attr    fill
----------------------  --------  ---------  --------  --------  ----  --------
  FLASH                 00000000   00020000  000049f0  0001b610  R  X
  SRAM                  20200000   00008000  000003b0  00007c50  RW X
  BCR_CONFIG            41c00000   000000ff  00000000  000000ff  R   
  BSL_CONFIG            41c00100   00000080  00000000  00000080  R   


SEGMENT ALLOCATION MAP

run origin  load origin   length   init length attrs members
----------  ----------- ---------- ----------- ----- -------
00000000    00000000    000049f0   000049f0    r-x
  00000000    00000000    000000c0   000000c0    r-- .intvecs
  000000c0    000000c0    00004170   00004170    r-x .text
  00004230    00004230    00000790   00000790    r-- .rodata
  000049c0    000049c0    00000030   00000030    r-- .cinit
20200000    20200000    000001b0   00000000    rw-
  20200000    20200000    00000198   00000000    rw- .bss
  20200198    20200198    00000018   00000000    rw- .data
20207e00    20207e00    00000200   00000000    rw-
  20207e00    20207e00    00000200   00000000    rw- .stack


SECTION ALLOCATION MAP

 output                                  attributes/
section   page    origin      length       input sections
--------  ----  ----------  ----------   ----------------
.intvecs   0    00000000    000000c0     
                  00000000    000000c0     startup_mspm0g350x_ticlang.o (.intvecs)

.text      0    000000c0    00004170     
                  000000c0    000009d0     libc.a : _printfi.c.obj (.text:__TI_printfi)
                  00000a90    00000220     motor.o (.text.Set_Speed)
                  00000cb0    00000220     libc.a : _printfi.c.obj (.text._pconv_a)
                  00000ed0    000001dc            : _printfi.c.obj (.text._pconv_g)
                  000010ac    000001c0     ti_msp_dl_config.o (.text.SYSCFG_DL_GPIO_init)
                  0000126c    00000192     libclang_rt.builtins.a : adddf3.S.obj (.text.adddf3_subdf3)
                  000013fe    00000002                            : aeabi_div0.c.obj (.text.__aeabi_idiv0)
                  00001400    00000184     tm.o (.text.tm1)
                  00001584    0000013c     libc.a : _printfi.c.obj (.text.fcvt)
                  000016c0    00000120            : _printfi.c.obj (.text._pconv_e)
                  000017e0    00000118     encoder.o (.text.GROUP1_IRQHandler)
                  000018f8    0000010c     libclang_rt.builtins.a : divdf3.S.obj (.text.__divdf3)
                  00001a04    00000104     driverlib.a : dl_timer.o (.text.DL_Timer_initFourCCPWMMode)
                  00001b08    000000e8                 : dl_timer.o (.text.DL_Timer_initTimerMode)
                  00001bf0    000000e4     libclang_rt.builtins.a : muldf3.S.obj (.text.__muldf3)
                  00001cd4    000000dc     driverlib.a : dl_sysctl_mspm0g1x0x_g3x0x.o (.text.DL_SYSCTL_configSYSPLL)
                  00001db0    000000d8     libc.a : s_scalbn.c.obj (.text.scalbn)
                  00001e88    000000d8     libclang_rt.builtins.a : addsf3.S.obj (.text)
                  00001f60    000000ca     oled.o (.text.OLED_Init)
                  0000202a    00000002     libclang_rt.builtins.a : aeabi_div0.c.obj (.text.__aeabi_ldiv0)
                  0000202c    000000c4     drv_i2c.o (.text.I2C_ReadReg)
                  000020f0    000000c4     oled.o (.text.OLED_ShowChar)
                  000021b4    000000c0     drv_i2c.o (.text.I2C_WriteReg)
                  00002274    000000b8     empty.o (.text.tm2)
                  0000232c    000000ac     empty.o (.text.checkout)
                  000023d8    000000ac     empty.o (.text.main)
                  00002484    000000a2     libclang_rt.builtins.a : udivmoddi4.S.obj (.text)
                  00002526    00000002     --HOLE-- [fill = 0]
                  00002528    00000094     mpu6050.o (.text.mpu6050_init)
                  000025bc    00000094     mpu6050.o (.text.mpu6050_read)
                  00002650    00000090     board.o (.text.delay_us)
                  000026e0    0000008c     ti_msp_dl_config.o (.text.SYSCFG_DL_PWM_0_init)
                  0000276c    0000008c     ti_msp_dl_config.o (.text.SYSCFG_DL_PWM_1_init)
                  000027f8    0000008c     ti_msp_dl_config.o (.text.SYSCFG_DL_initPower)
                  00002884    0000008c     libclang_rt.builtins.a : mulsf3.S.obj (.text.__mulsf3)
                  00002910    00000082                            : divsf3.S.obj (.text.__divsf3)
                  00002992    00000002     --HOLE-- [fill = 0]
                  00002994    0000007c     libc.a : copy_decompress_lzss.c.obj (.text:decompress:lzss)
                  00002a10    00000078     encoder.o (.text.Encoder_GetDeltaDistanceCm)
                  00002a88    00000074     libclang_rt.builtins.a : comparedf2.c.obj (.text.__gedf2)
                  00002afc    00000070     IR_module.o (.text.IR_Module_Read)
                  00002b6c    00000068     libclang_rt.builtins.a : comparedf2.c.obj (.text.__ledf2)
                  00002bd4    00000066     libc.a : _printfi.c.obj (.text._mcpy)
                  00002c3a    00000062     oled.o (.text.OLED_Clear)
                  00002c9c    00000062     libclang_rt.builtins.a : aeabi_dcmp.S.obj (.text.__aeabi_dcmp)
                  00002cfe    00000002     --HOLE-- [fill = 0]
                  00002d00    00000062                            : aeabi_fcmp.S.obj (.text.__aeabi_fcmp)
                  00002d62    00000002     --HOLE-- [fill = 0]
                  00002d64    00000060     empty.o (.text.angle_diff)
                  00002dc4    0000005e     driverlib.a : dl_i2c.o (.text.DL_I2C_fillControllerTXFIFO)
                  00002e22    00000002     --HOLE-- [fill = 0]
                  00002e24    0000005c     ti_msp_dl_config.o (.text.SYSCFG_DL_UART_0_init)
                  00002e80    0000005c     libc.a : s_frexp.c.obj (.text.frexp)
                  00002edc    00000058     oled.o (.text.OLED_ShowString)
                  00002f34    00000058     ti_msp_dl_config.o (.text.SYSCFG_DL_I2C_1_init)
                  00002f8c    00000058     libc.a : _ltoa.c.obj (.text.__TI_ltoa)
                  00002fe4    00000058            : _printfi.c.obj (.text._pconv_f)
                  0000303c    00000056     libclang_rt.builtins.a : aeabi_idivmod.S.obj (.text.__aeabi_idivmod)
                  00003092    00000052     libc.a : _printfi.c.obj (.text._ecpy)
                  000030e4    00000050     drv_i2c.o (.text.DL_I2C_startControllerTransfer)
                  00003134    00000050     encoder.o (.text.Get_TotalDistanceA_cm)
                  00003184    0000004c     ti_msp_dl_config.o (.text.DL_UART_setBaudRateDivisor)
                  000031d0    0000004c     libc.a : snprintf.c.obj (.text.snprintf)
                  0000321c    0000004a     oled.o (.text.OLED_I2C_WriteByte)
                  00003266    00000002     --HOLE-- [fill = 0]
                  00003268    0000004a     libclang_rt.builtins.a : fixdfsi.S.obj (.text.__fixdfsi)
                  000032b2    00000002     --HOLE-- [fill = 0]
                  000032b4    00000048     driverlib.a : dl_uart.o (.text.DL_UART_init)
                  000032fc    00000044                 : dl_sysctl_mspm0g1x0x_g3x0x.o (.text.DL_SYSCTL_switchMCLKfromSYSOSCtoHSCLK)
                  00003340    00000040     ti_msp_dl_config.o (.text.SYSCFG_DL_SYSCTL_init)
                  00003380    00000040     libclang_rt.builtins.a : aeabi_uidivmod.S.obj (.text.__aeabi_uidivmod)
                  000033c0    00000040                            : extendsfdf2.S.obj (.text.__extendsfdf2)
                  00003400    00000040     libc.a : atoi.c.obj (.text.atoi)
                  00003440    0000003c     ti_msp_dl_config.o (.text.DL_GPIO_initPeripheralInputFunctionFeatures)
                  0000347c    0000003c     driverlib.a : dl_i2c.o (.text.DL_I2C_flushControllerTXFIFO)
                  000034b8    0000003c     ti_msp_dl_config.o (.text.DL_Timer_setCounterControl)
                  000034f4    0000003c     ti_msp_dl_config.o (.text.SYSCFG_DL_init)
                  00003530    0000003c     libclang_rt.builtins.a : floatsisf.S.obj (.text.__floatsisf)
                  0000356c    0000003c                            : comparesf2.S.obj (.text.__gtsf2)
                  000035a8    0000003c     libc.a : autoinit.c.obj (.text:__TI_auto_init_nobinit_nopinit)
                  000035e4    0000003a     libclang_rt.builtins.a : comparesf2.S.obj (.text.__eqsf2)
                  0000361e    00000002     --HOLE-- [fill = 0]
                  00003620    0000003a                            : muldsi3.S.obj (.text.__muldsi3)
                  0000365a    00000036     oled.o (.text.OLED_WriteCommand)
                  00003690    00000036     oled.o (.text.OLED_WriteData)
                  000036c6    00000002     --HOLE-- [fill = 0]
                  000036c8    00000034     ti_msp_dl_config.o (.text.DL_GPIO_initDigitalInputFeatures)
                  000036fc    00000034     oled.o (.text.OLED_SetPos)
                  00003730    00000034     oled.o (.text.OLED_W_SDA)
                  00003764    00000034     ti_msp_dl_config.o (.text.SYSCFG_DL_TIMER_0_init)
                  00003798    00000030     oled.o (.text.OLED_W_SCL)
                  000037c8    00000030     libc.a : _printfi.c.obj (.text._fcpy)
                  000037f8    00000030            : snprintf.c.obj (.text._outs)
                  00003828    00000030     board.o (.text.delay_ms)
                  00003858    0000002c     empty.o (.text.__NVIC_ClearPendingIRQ)
                  00003884    0000002c     empty.o (.text.__NVIC_EnableIRQ)
                  000038b0    0000002c     libclang_rt.builtins.a : floatsidf.S.obj (.text.__floatsidf)
                  000038dc    00000028     drv_i2c.o (.text.DL_Common_updateReg)
                  00003904    00000028     ti_msp_dl_config.o (.text.DL_Common_updateReg)
                  0000392c    00000028     ti_msp_dl_config.o (.text.DL_I2C_setControllerRXFIFOThreshold)
                  00003954    00000028     ti_msp_dl_config.o (.text.DL_I2C_setControllerTXFIFOThreshold)
                  0000397c    00000028     ti_msp_dl_config.o (.text.DL_SYSTICK_init)
                  000039a4    00000028     ti_msp_dl_config.o (.text.DL_UART_setRXFIFOThreshold)
                  000039cc    00000028     ti_msp_dl_config.o (.text.DL_UART_setTXFIFOThreshold)
                  000039f4    00000028     libc.a : boot_cortex_m.c.obj (.text:_c_int00_noargs)
                  00003a1c    00000026     ti_msp_dl_config.o (.text.DL_I2C_setAnalogGlitchFilterPulseWidth)
                  00003a42    00000026     driverlib.a : dl_i2c.o (.text.DL_I2C_setClockConfig)
                  00003a68    00000026     mpu6050.o (.text.Single_ReadI2C)
                  00003a8e    00000024     oled.o (.text.OLED_I2C_Start)
                  00003ab2    00000024     mpu6050.o (.text.Single_WriteI2C)
                  00003ad6    00000002     --HOLE-- [fill = 0]
                  00003ad8    00000024     libclang_rt.builtins.a : muldi3.S.obj (.text.__muldi3)
                  00003afc    00000022     libc.a : memccpy.c.obj (.text.memccpy)
                  00003b1e    00000002     --HOLE-- [fill = 0]
                  00003b20    00000020     ti_msp_dl_config.o (.text.DL_GPIO_initPeripheralInputFunction)
                  00003b40    00000020     ti_msp_dl_config.o (.text.DL_SYSCTL_setFlashWaitState)
                  00003b60    0000001e     ti_msp_dl_config.o (.text.DL_UART_setOversampling)
                  00003b7e    00000002     --HOLE-- [fill = 0]
                  00003b80    0000001e     libclang_rt.builtins.a : ashldi3.S.obj (.text.__ashldi3)
                  00003b9e    00000002     --HOLE-- [fill = 0]
                  00003ba0    0000001c     encoder.o (.text.DL_GPIO_clearInterruptStatus)
                  00003bbc    0000001c     ti_msp_dl_config.o (.text.DL_GPIO_clearInterruptStatus)
                  00003bd8    0000001c     ti_msp_dl_config.o (.text.DL_GPIO_enableHiZ)
                  00003bf4    0000001c     ti_msp_dl_config.o (.text.DL_GPIO_enableInterrupt)
                  00003c10    0000001c     ti_msp_dl_config.o (.text.DL_GPIO_initPeripheralOutputFunction)
                  00003c2c    0000001c     ti_msp_dl_config.o (.text.DL_GPIO_setLowerPinsPolarity)
                  00003c48    0000001c     drv_i2c.o (.text.DL_I2C_isControllerRXFIFOEmpty)
                  00003c64    0000001c     ti_msp_dl_config.o (.text.DL_SYSCTL_setSYSOSCFreq)
                  00003c80    0000001c     ti_msp_dl_config.o (.text.DL_SYSCTL_setULPCLKDivider)
                  00003c9c    0000001c     ti_msp_dl_config.o (.text.DL_Timer_enableInterrupt)
                  00003cb8    0000001c     driverlib.a : dl_timer.o (.text.DL_Timer_setCaptCompUpdateMethod)
                  00003cd4    0000001c                 : dl_timer.o (.text.DL_Timer_setClockConfig)
                  00003cf0    0000001c     oled.o (.text.OLED_I2C_Stop)
                  00003d0c    0000001c     oled.o (.text.OLED_I2C_WaitAck)
                  00003d28    0000001c     encoder.o (.text.clear_coder)
                  00003d44    00000018     ti_msp_dl_config.o (.text.DL_GPIO_enableOutput)
                  00003d5c    00000018     ti_msp_dl_config.o (.text.DL_GPIO_enablePower)
                  00003d74    00000018     encoder.o (.text.DL_GPIO_getEnabledInterruptStatus)
                  00003d8c    00000018     ti_msp_dl_config.o (.text.DL_GPIO_initDigitalOutput)
                  00003da4    00000018     ti_msp_dl_config.o (.text.DL_GPIO_reset)
                  00003dbc    00000018     motor.o (.text.DL_GPIO_setPins)
                  00003dd4    00000018     oled.o (.text.DL_GPIO_setPins)
                  00003dec    00000018     ti_msp_dl_config.o (.text.DL_I2C_enableAnalogGlitchFilter)
                  00003e04    00000018     ti_msp_dl_config.o (.text.DL_I2C_enableController)
                  00003e1c    00000018     ti_msp_dl_config.o (.text.DL_I2C_enableControllerClockStretching)
                  00003e34    00000018     ti_msp_dl_config.o (.text.DL_I2C_enablePower)
                  00003e4c    00000018     ti_msp_dl_config.o (.text.DL_I2C_reset)
                  00003e64    00000018     ti_msp_dl_config.o (.text.DL_I2C_setTimerPeriod)
                  00003e7c    00000018     ti_msp_dl_config.o (.text.DL_SYSCTL_setBORThreshold)
                  00003e94    00000018     ti_msp_dl_config.o (.text.DL_Timer_enablePower)
                  00003eac    00000018     ti_msp_dl_config.o (.text.DL_Timer_reset)
                  00003ec4    00000018     driverlib.a : dl_timer.o (.text.DL_Timer_setCaptureCompareOutCtl)
                  00003edc    00000018     empty.o (.text.DL_Timer_startCounter)
                  00003ef4    00000018     ti_msp_dl_config.o (.text.DL_UART_enableFIFOs)
                  00003f0c    00000018     ti_msp_dl_config.o (.text.DL_UART_enablePower)
                  00003f24    00000018     ti_msp_dl_config.o (.text.DL_UART_reset)
                  00003f3c    00000018     empty.o (.text.TIMG0_IRQHandler)
                  00003f54    00000018     libc.a : snprintf.c.obj (.text._outc)
                  00003f6c    00000016     IR_module.o (.text.DL_GPIO_readPins)
                  00003f82    00000016     encoder.o (.text.DL_GPIO_readPins)
                  00003f98    00000016     ti_msp_dl_config.o (.text.DL_UART_enable)
                  00003fae    00000016     ti_msp_dl_config.o (.text.DL_UART_enableLoopbackMode)
                  00003fc4    00000016     oled.o (.text.OLED_DisplayOff)
                  00003fda    00000016     oled.o (.text.OLED_I2C_Init)
                  00003ff0    00000016     libc.a : copy_zero_init.c.obj (.text:decompress:ZI:__TI_zero_init_nomemset)
                  00004006    00000014     motor.o (.text.DL_GPIO_clearPins)
                  0000401a    00000014     oled.o (.text.DL_GPIO_clearPins)
                  0000402e    00000014     ti_msp_dl_config.o (.text.DL_GPIO_clearPins)
                  00004042    00000002     --HOLE-- [fill = 0]
                  00004044    00000014     drv_i2c.o (.text.DL_I2C_getControllerStatus)
                  00004058    00000014     drv_i2c.o (.text.DL_I2C_receiveControllerData)
                  0000406c    00000014     ti_msp_dl_config.o (.text.DL_I2C_resetControllerTransfer)
                  00004080    00000014     ti_msp_dl_config.o (.text.DL_SYSCTL_disableSYSPLL)
                  00004094    00000014     ti_msp_dl_config.o (.text.DL_SYSCTL_enableMFCLK)
                  000040a8    00000014     ti_msp_dl_config.o (.text.DL_Timer_enableClock)
                  000040bc    00000014     ti_msp_dl_config.o (.text.DL_Timer_setCCPDirection)
                  000040d0    00000014     libclang_rt.builtins.a : aeabi_uldivmod.S.obj (.text.__aeabi_uldivmod)
                  000040e4    00000014     libc.a : _printfi.c.obj (.text.strchr)
                  000040f8    00000012     empty.o (.text.DL_Timer_getPendingInterrupt)
                  0000410a    00000012     driverlib.a : dl_uart.o (.text.DL_UART_setClockConfig)
                  0000411c    00000012     libc.a : memcpy16.S.obj (.text:TI_memcpy_small)
                  0000412e    00000012            : copy_decompress_none.c.obj (.text:decompress:none)
                  00004140    00000010     ti_msp_dl_config.o (.text.DL_SYSCTL_disableHFXT)
                  00004150    00000010     ti_msp_dl_config.o (.text.DL_SYSTICK_enable)
                  00004160    00000010     driverlib.a : dl_timer.o (.text.DL_Timer_setCaptureCompareValue)
                  00004170    00000010     ti_msp_dl_config.o (.text.SYSCFG_DL_SYSTICK_init)
                  00004180    00000010     libc.a : wcslen.c.obj (.text.wcslen)
                  00004190    0000000e     libclang_rt.builtins.a : aeabi_memset.S.obj (.text.__aeabi_memset)
                  0000419e    0000000e     libc.a : _printfi.c.obj (.text.strlen)
                  000041ac    0000000e            : memset16.S.obj (.text:TI_memset_small)
                  000041ba    00000002     --HOLE-- [fill = 0]
                  000041bc    0000000c     board.o (.text.Systick_getTick)
                  000041c8    0000000a     driverlib.a : dl_common.o (.text.DL_Common_delayCycles)
                  000041d2    0000000a     libc.a : _printfi.c.obj (.text.OUTLINED_FUNCTION_0)
                  000041dc    00000010     libclang_rt.builtins.a : adddf3.S.obj (.tramp.__aeabi_dsub.1)
                  000041ec    0000000a     libc.a : _printfi.c.obj (.text.OUTLINED_FUNCTION_1)
                  000041f6    00000002     --HOLE-- [fill = 0]
                  000041f8    00000008            : aeabi_portable.c.obj (.text.__aeabi_errno_addr)
                  00004200    00000008     libclang_rt.builtins.a : aeabi_memcpy.S.obj (.text.__aeabi_memcpy)
                  00004208    00000006     libc.a : exit.c.obj (.text:abort)
                  0000420e    00000004     startup_mspm0g350x_ticlang.o (.text.Default_Handler)
                  00004212    00000004     libsysbm.a : hostexit.c.obj (.text.HOSTexit)
                  00004216    00000004     startup_mspm0g350x_ticlang.o (.text.Reset_Handler)
                  0000421a    00000002     --HOLE-- [fill = 0]
                  0000421c    00000010     libc.a : boot_cortex_m.c.obj (.tramp._c_int00_noargs.1)
                  0000422c    00000004            : pre_init.c.obj (.text._system_pre_init)

.cinit     0    000049c0    00000030     
                  000049c0    0000000c     (__TI_handler_table)
                  000049cc    00000008     (.cinit..bss.load) [load image, compression = zero_init]
                  000049d4    00000008     (.cinit..data.load) [load image, compression = lzss]
                  000049dc    00000010     (__TI_cinit_table)
                  000049ec    00000004     --HOLE-- [fill = 0]

.rodata    0    00004230    00000790     
                  00004230    000005f0     oled.o (.rodata.OLED_F8x16)
                  00004820    00000101     libc.a : aeabi_ctype.S.obj (.rodata:__aeabi_ctype_table_)
                  00004921    00000003     ti_msp_dl_config.o (.rodata.gPWM_0ClockConfig)
                  00004924    00000028     ti_msp_dl_config.o (.rodata.gSYSPLLConfig)
                  0000494c    00000014     ti_msp_dl_config.o (.rodata.gTIMER_0TimerConfig)
                  00004960    00000011     libc.a : _printfi.c.obj (.rodata.str1.10348868589481759720.1)
                  00004971    00000011            : _printfi.c.obj (.rodata.str1.15363888844622738466.1)
                  00004982    0000000a     ti_msp_dl_config.o (.rodata.gUART_0Config)
                  0000498c    0000000a     empty.o (.rodata.str1.254342170260855183.1)
                  00004996    00000002     ti_msp_dl_config.o (.rodata.gI2C_1ClockConfig)
                  00004998    00000008     ti_msp_dl_config.o (.rodata.gPWM_0Config)
                  000049a0    00000008     ti_msp_dl_config.o (.rodata.gPWM_1Config)
                  000049a8    00000007     empty.o (.rodata.str1.9517790425240694019.1)
                  000049af    00000003     ti_msp_dl_config.o (.rodata.gPWM_1ClockConfig)
                  000049b2    00000003     ti_msp_dl_config.o (.rodata.gTIMER_0ClockConfig)
                  000049b5    00000002     ti_msp_dl_config.o (.rodata.gUART_0ClockConfig)
                  000049b7    00000009     --HOLE-- [fill = 0]

.init_array 
*          0    00000000    00000000     UNINITIALIZED

.binit     0    00000000    00000000     

.bss       0    20200000    00000198     UNINITIALIZED
                  20200000    000000bc     (.common:gPWM_0Backup)
                  202000bc    000000bc     (.common:gPWM_1Backup)
                  20200178    00000005     (.common:read_imu)
                  2020017d    00000003     --HOLE--
                  20200180    00000004     (.common:gpio_interrup1)
                  20200184    00000004     (.common:gpio_interrup3)
                  20200188    00000004     (.common:ir_dh1_state)
                  2020018c    00000004     (.common:ir_dh2_state)
                  20200190    00000004     (.common:ir_dh3_state)
                  20200194    00000004     (.common:ir_dh4_state)

.data      0    20200198    00000018     UNINITIALIZED
                  20200198    00000004     encoder.o (.data.Get_Encoder_countA)
                  2020019c    00000004     encoder.o (.data.Get_Encoder_countC)
                  202001a0    00000004     libc.a : aeabi_portable.c.obj (.data.__aeabi_errno)
                  202001a4    00000004     encoder.o (.data.last_countA)
                  202001a8    00000004     encoder.o (.data.total_distanceA)
                  202001ac    00000004     empty.o (.data.yaw)

.stack     0    20207e00    00000200     UNINITIALIZED
                  20207e00    00000004     libc.a : boot_cortex_m.c.obj (.stack)
                  20207e04    000001fc     --HOLE--

__llvm_prf_cnts 
*          0    20200000    00000000     UNINITIALIZED

__llvm_prf_bits 
*          0    20200000    00000000     UNINITIALIZED

MODULE SUMMARY

       Module                         code    ro data   rw data
       ------                         ----    -------   -------
    .\
       ti_msp_dl_config.o             2664    99        376    
       empty.o                        778     17        20     
       startup_mspm0g350x_ticlang.o   8       192       0      
    +--+------------------------------+-------+---------+---------+
       Total:                         3450    308       396    
                                                               
    .\Hardware\
       oled.o                         1098    1520      0      
       encoder.o                      582     0         24     
       motor.o                        588     0         0      
       drv_i2c.o                      576     0         0      
       tm.o                           388     0         0      
       mpu6050.o                      370     0         5      
       board.o                        204     0         0      
       IR_module.o                    134     0         0      
    +--+------------------------------+-------+---------+---------+
       Total:                         3940    1520      29     
                                                               
    C:/TI/mspm0_sdk_2_05_00_05/source/ti/driverlib/lib/ticlang/m0p/mspm0g1x0x_g3x0x/driverlib.a
       dl_timer.o                     588     0         0      
       dl_sysctl_mspm0g1x0x_g3x0x.o   288     0         0      
       dl_i2c.o                       192     0         0      
       dl_uart.o                      90      0         0      
       dl_common.o                    10      0         0      
    +--+------------------------------+-------+---------+---------+
       Total:                         1168    0         0      
                                                               
    D:\review\TI\ccs\tools\compiler\ti-cgt-armllvm_4.0.3.LTS\lib\armv6m-ti-none-eabi/c/libc.a
       _printfi.c.obj                 4510    34        0      
       aeabi_ctype.S.obj              0       257       0      
       s_scalbn.c.obj                 216     0         0      
       snprintf.c.obj                 148     0         0      
       copy_decompress_lzss.c.obj     124     0         0      
       s_frexp.c.obj                  92      0         0      
       _ltoa.c.obj                    88      0         0      
       atoi.c.obj                     64      0         0      
       autoinit.c.obj                 60      0         0      
       boot_cortex_m.c.obj            56      0         0      
       memccpy.c.obj                  34      0         0      
       copy_zero_init.c.obj           22      0         0      
       copy_decompress_none.c.obj     18      0         0      
       memcpy16.S.obj                 18      0         0      
       wcslen.c.obj                   16      0         0      
       memset16.S.obj                 14      0         0      
       aeabi_portable.c.obj           8       0         4      
       exit.c.obj                     6       0         0      
       pre_init.c.obj                 4       0         0      
    +--+------------------------------+-------+---------+---------+
       Total:                         5498    291       4      
                                                               
    D:\review\TI\ccs\tools\compiler\ti-cgt-armllvm_4.0.3.LTS\lib\armv6m-ti-none-eabi/c/libsysbm.a
       hostexit.c.obj                 4       0         0      
    +--+------------------------------+-------+---------+---------+
       Total:                         4       0         0      
                                                               
    D:\review\TI\ccs\tools\compiler\ti-cgt-armllvm_4.0.3.LTS\lib\armv6m-ti-none-eabi/libclang_rt.builtins.a
       adddf3.S.obj                   418     0         0      
       divdf3.S.obj                   268     0         0      
       muldf3.S.obj                   228     0         0      
       comparedf2.c.obj               220     0         0      
       addsf3.S.obj                   216     0         0      
       udivmoddi4.S.obj               162     0         0      
       mulsf3.S.obj                   140     0         0      
       divsf3.S.obj                   130     0         0      
       comparesf2.S.obj               118     0         0      
       aeabi_dcmp.S.obj               98      0         0      
       aeabi_fcmp.S.obj               98      0         0      
       aeabi_idivmod.S.obj            86      0         0      
       fixdfsi.S.obj                  74      0         0      
       aeabi_uidivmod.S.obj           64      0         0      
       extendsfdf2.S.obj              64      0         0      
       floatsisf.S.obj                60      0         0      
       muldsi3.S.obj                  58      0         0      
       floatsidf.S.obj                44      0         0      
       muldi3.S.obj                   36      0         0      
       ashldi3.S.obj                  30      0         0      
       aeabi_uldivmod.S.obj           20      0         0      
       aeabi_memset.S.obj             14      0         0      
       aeabi_memcpy.S.obj             8       0         0      
       aeabi_div0.c.obj               4       0         0      
    +--+------------------------------+-------+---------+---------+
       Total:                         2658    0         0      
                                                               
       Stack:                         0       0         512    
       Linker Generated:              0       44        0      
    +--+------------------------------+-------+---------+---------+
       Grand Total:                   16718   2163      941    


LINKER GENERATED COPY TABLES

__TI_cinit_table @ 000049dc records: 2, size/record: 8, table size: 16
	.bss: load addr=000049cc, load size=00000008 bytes, run addr=20200000, run size=00000198 bytes, compression=zero_init
	.data: load addr=000049d4, load size=00000008 bytes, run addr=20200198, run size=00000018 bytes, compression=lzss


LINKER GENERATED HANDLER TABLE

__TI_handler_table @ 000049c0 records: 3, size/record: 4, table size: 12
	index: 0, handler: __TI_decompress_lzss
	index: 1, handler: __TI_decompress_none
	index: 2, handler: __TI_zero_init


FAR CALL TRAMPOLINES

callee name               trampoline name
   callee addr  tramp addr   call addr  call info
--------------  -----------  ---------  ----------------
__aeabi_dsub              $Tramp$TT$L$PI$$__aeabi_dsub
   0000126d     000041dc     000041da   libc.a : _printfi.c.obj (.text.OUTLINED_FUNCTION_0)
_c_int00_noargs           $Tramp$TT$L$PI$$_c_int00_noargs
   000039f5     0000421c     00004216   startup_mspm0g350x_ticlang.o (.text.Reset_Handler)

[2 trampolines]
[2 trampoline calls]


GLOBAL SYMBOLS: SORTED ALPHABETICALLY BY Name 

address   name                                 
-------   ----                                 
0000420f  ADC0_IRQHandler                      
0000420f  ADC1_IRQHandler                      
0000420f  AES_IRQHandler                       
00004212  C$$EXIT                              
0000420f  CANFD0_IRQHandler                    
0000420f  DAC0_IRQHandler                      
000041c9  DL_Common_delayCycles                
00002dc5  DL_I2C_fillControllerTXFIFO          
0000347d  DL_I2C_flushControllerTXFIFO         
00003a43  DL_I2C_setClockConfig                
00001cd5  DL_SYSCTL_configSYSPLL               
000032fd  DL_SYSCTL_switchMCLKfromSYSOSCtoHSCLK
00001a05  DL_Timer_initFourCCPWMMode           
00001b09  DL_Timer_initTimerMode               
00003cb9  DL_Timer_setCaptCompUpdateMethod     
00003ec5  DL_Timer_setCaptureCompareOutCtl     
00004161  DL_Timer_setCaptureCompareValue      
00003cd5  DL_Timer_setClockConfig              
000032b5  DL_UART_init                         
0000410b  DL_UART_setClockConfig               
0000420f  DMA_IRQHandler                       
0000420f  Default_Handler                      
00002a11  Encoder_GetDeltaDistanceCm           
0000420f  GROUP0_IRQHandler                    
000017e1  GROUP1_IRQHandler                    
20200198  Get_Encoder_countA                   
2020019c  Get_Encoder_countC                   
00003135  Get_TotalDistanceA_cm                
00004213  HOSTexit                             
0000420f  HardFault_Handler                    
0000420f  I2C0_IRQHandler                      
0000420f  I2C1_IRQHandler                      
0000202d  I2C_ReadReg                          
000021b5  I2C_WriteReg                         
00002afd  IR_Module_Read                       
0000420f  NMI_Handler                          
00002c3b  OLED_Clear                           
00003fc5  OLED_DisplayOff                      
00004230  OLED_F8x16                           
00003fdb  OLED_I2C_Init                        
00003a8f  OLED_I2C_Start                       
00003cf1  OLED_I2C_Stop                        
00003d0d  OLED_I2C_WaitAck                     
0000321d  OLED_I2C_WriteByte                   
00001f61  OLED_Init                            
000036fd  OLED_SetPos                          
000020f1  OLED_ShowChar                        
00002edd  OLED_ShowString                      
0000365b  OLED_WriteCommand                    
00003691  OLED_WriteData                       
0000420f  PendSV_Handler                       
0000420f  RTC_IRQHandler                       
00004217  Reset_Handler                        
0000420f  SPI0_IRQHandler                      
0000420f  SPI1_IRQHandler                      
0000420f  SVC_Handler                          
000010ad  SYSCFG_DL_GPIO_init                  
00002f35  SYSCFG_DL_I2C_1_init                 
000026e1  SYSCFG_DL_PWM_0_init                 
0000276d  SYSCFG_DL_PWM_1_init                 
00003341  SYSCFG_DL_SYSCTL_init                
00004171  SYSCFG_DL_SYSTICK_init               
00003765  SYSCFG_DL_TIMER_0_init               
00002e25  SYSCFG_DL_UART_0_init                
000034f5  SYSCFG_DL_init                       
000027f9  SYSCFG_DL_initPower                  
00000a91  Set_Speed                            
00003a69  Single_ReadI2C                       
00003ab3  Single_WriteI2C                      
0000420f  SysTick_Handler                      
000041bd  Systick_getTick                      
0000420f  TIMA0_IRQHandler                     
0000420f  TIMA1_IRQHandler                     
00003f3d  TIMG0_IRQHandler                     
0000420f  TIMG12_IRQHandler                    
0000420f  TIMG6_IRQHandler                     
0000420f  TIMG7_IRQHandler                     
0000420f  TIMG8_IRQHandler                     
0000411d  TI_memcpy_small                      
000041ad  TI_memset_small                      
0000420f  UART0_IRQHandler                     
0000420f  UART1_IRQHandler                     
0000420f  UART2_IRQHandler                     
0000420f  UART3_IRQHandler                     
20208000  __STACK_END                          
00000200  __STACK_SIZE                         
00000000  __TI_ATRegion0_region_sz             
00000000  __TI_ATRegion0_src_addr              
00000000  __TI_ATRegion0_trg_addr              
00000000  __TI_ATRegion1_region_sz             
00000000  __TI_ATRegion1_src_addr              
00000000  __TI_ATRegion1_trg_addr              
00000000  __TI_ATRegion2_region_sz             
00000000  __TI_ATRegion2_src_addr              
00000000  __TI_ATRegion2_trg_addr              
000049dc  __TI_CINIT_Base                      
000049ec  __TI_CINIT_Limit                     
000049ec  __TI_CINIT_Warm                      
000049c0  __TI_Handler_Table_Base              
000049cc  __TI_Handler_Table_Limit             
000035a9  __TI_auto_init_nobinit_nopinit       
00002995  __TI_decompress_lzss                 
0000412f  __TI_decompress_none                 
00002f8d  __TI_ltoa                            
ffffffff  __TI_pprof_out_hndl                  
000000c1  __TI_printfi                         
ffffffff  __TI_prof_data_size                  
ffffffff  __TI_prof_data_start                 
00000000  __TI_static_base__                   
00003ff1  __TI_zero_init_nomemset              
00001277  __adddf3                             
00001e93  __addsf3                             
00004820  __aeabi_ctype_table_                 
00004820  __aeabi_ctype_table_C                
00003269  __aeabi_d2iz                         
00001277  __aeabi_dadd                         
00002c9d  __aeabi_dcmpeq                       
00002cd9  __aeabi_dcmpge                       
00002ced  __aeabi_dcmpgt                       
00002cc5  __aeabi_dcmple                       
00002cb1  __aeabi_dcmplt                       
000018f9  __aeabi_ddiv                         
00001bf1  __aeabi_dmul                         
0000126d  __aeabi_dsub                         
202001a0  __aeabi_errno                        
000041f9  __aeabi_errno_addr                   
000033c1  __aeabi_f2d                          
00001e93  __aeabi_fadd                         
00002d01  __aeabi_fcmpeq                       
00002d3d  __aeabi_fcmpge                       
00002d51  __aeabi_fcmpgt                       
00002d29  __aeabi_fcmple                       
00002d15  __aeabi_fcmplt                       
00002911  __aeabi_fdiv                         
00002885  __aeabi_fmul                         
00001e89  __aeabi_fsub                         
000038b1  __aeabi_i2d                          
00003531  __aeabi_i2f                          
0000303d  __aeabi_idiv                         
000013ff  __aeabi_idiv0                        
0000303d  __aeabi_idivmod                      
0000202b  __aeabi_ldiv0                        
00003b81  __aeabi_llsl                         
00003ad9  __aeabi_lmul                         
00004201  __aeabi_memcpy                       
00004201  __aeabi_memcpy4                      
00004201  __aeabi_memcpy8                      
00004191  __aeabi_memset                       
00004191  __aeabi_memset4                      
00004191  __aeabi_memset8                      
00003381  __aeabi_uidiv                        
00003381  __aeabi_uidivmod                     
000040d1  __aeabi_uldivmod                     
00003b81  __ashldi3                            
ffffffff  __binit__                            
00002b6d  __cmpdf2                             
000035e5  __cmpsf2                             
000018f9  __divdf3                             
00002911  __divsf3                             
00002b6d  __eqdf2                              
000035e5  __eqsf2                              
000033c1  __extendsfdf2                        
00003269  __fixdfsi                            
000038b1  __floatsidf                          
00003531  __floatsisf                          
00002a89  __gedf2                              
0000356d  __gesf2                              
00002a89  __gtdf2                              
0000356d  __gtsf2                              
00002b6d  __ledf2                              
000035e5  __lesf2                              
00002b6d  __ltdf2                              
000035e5  __ltsf2                              
UNDEFED   __mpu_init                           
00001bf1  __muldf3                             
00003ad9  __muldi3                             
00003621  __muldsi3                            
00002885  __mulsf3                             
00002b6d  __nedf2                              
000035e5  __nesf2                              
20207e00  __stack                              
20200000  __start___llvm_prf_bits              
20200000  __start___llvm_prf_cnts              
20200000  __stop___llvm_prf_bits               
20200000  __stop___llvm_prf_cnts               
0000126d  __subdf3                             
00001e89  __subsf3                             
00002485  __udivmoddi4                         
000039f5  _c_int00_noargs                      
UNDEFED   _system_post_cinit                   
0000422d  _system_pre_init                     
00004209  abort                                
00002d65  angle_diff                           
00003401  atoi                                 
ffffffff  binit                                
0000232d  checkout                             
00003d29  clear_coder                          
00003829  delay_ms                             
00002651  delay_us                             
00002e81  frexp                                
00002e81  frexpl                               
20200000  gPWM_0Backup                         
202000bc  gPWM_1Backup                         
20200180  gpio_interrup1                       
20200184  gpio_interrup3                       
00000000  interruptVectors                     
20200188  ir_dh1_state                         
2020018c  ir_dh2_state                         
20200190  ir_dh3_state                         
20200194  ir_dh4_state                         
202001a4  last_countA                          
00001db1  ldexp                                
00001db1  ldexpl                               
000023d9  main                                 
00003afd  memccpy                              
00002529  mpu6050_init                         
000025bd  mpu6050_read                         
20200178  read_imu                             
00001db1  scalbn                               
00001db1  scalbnl                              
000031d1  snprintf                             
00001401  tm1                                  
00002275  tm2                                  
202001a8  total_distanceA                      
00004181  wcslen                               
202001ac  yaw                                  


GLOBAL SYMBOLS: SORTED BY Symbol Address 

address   name                                 
-------   ----                                 
00000000  __TI_ATRegion0_region_sz             
00000000  __TI_ATRegion0_src_addr              
00000000  __TI_ATRegion0_trg_addr              
00000000  __TI_ATRegion1_region_sz             
00000000  __TI_ATRegion1_src_addr              
00000000  __TI_ATRegion1_trg_addr              
00000000  __TI_ATRegion2_region_sz             
00000000  __TI_ATRegion2_src_addr              
00000000  __TI_ATRegion2_trg_addr              
00000000  __TI_static_base__                   
00000000  interruptVectors                     
000000c1  __TI_printfi                         
00000200  __STACK_SIZE                         
00000a91  Set_Speed                            
000010ad  SYSCFG_DL_GPIO_init                  
0000126d  __aeabi_dsub                         
0000126d  __subdf3                             
00001277  __adddf3                             
00001277  __aeabi_dadd                         
000013ff  __aeabi_idiv0                        
00001401  tm1                                  
000017e1  GROUP1_IRQHandler                    
000018f9  __aeabi_ddiv                         
000018f9  __divdf3                             
00001a05  DL_Timer_initFourCCPWMMode           
00001b09  DL_Timer_initTimerMode               
00001bf1  __aeabi_dmul                         
00001bf1  __muldf3                             
00001cd5  DL_SYSCTL_configSYSPLL               
00001db1  ldexp                                
00001db1  ldexpl                               
00001db1  scalbn                               
00001db1  scalbnl                              
00001e89  __aeabi_fsub                         
00001e89  __subsf3                             
00001e93  __addsf3                             
00001e93  __aeabi_fadd                         
00001f61  OLED_Init                            
0000202b  __aeabi_ldiv0                        
0000202d  I2C_ReadReg                          
000020f1  OLED_ShowChar                        
000021b5  I2C_WriteReg                         
00002275  tm2                                  
0000232d  checkout                             
000023d9  main                                 
00002485  __udivmoddi4                         
00002529  mpu6050_init                         
000025bd  mpu6050_read                         
00002651  delay_us                             
000026e1  SYSCFG_DL_PWM_0_init                 
0000276d  SYSCFG_DL_PWM_1_init                 
000027f9  SYSCFG_DL_initPower                  
00002885  __aeabi_fmul                         
00002885  __mulsf3                             
00002911  __aeabi_fdiv                         
00002911  __divsf3                             
00002995  __TI_decompress_lzss                 
00002a11  Encoder_GetDeltaDistanceCm           
00002a89  __gedf2                              
00002a89  __gtdf2                              
00002afd  IR_Module_Read                       
00002b6d  __cmpdf2                             
00002b6d  __eqdf2                              
00002b6d  __ledf2                              
00002b6d  __ltdf2                              
00002b6d  __nedf2                              
00002c3b  OLED_Clear                           
00002c9d  __aeabi_dcmpeq                       
00002cb1  __aeabi_dcmplt                       
00002cc5  __aeabi_dcmple                       
00002cd9  __aeabi_dcmpge                       
00002ced  __aeabi_dcmpgt                       
00002d01  __aeabi_fcmpeq                       
00002d15  __aeabi_fcmplt                       
00002d29  __aeabi_fcmple                       
00002d3d  __aeabi_fcmpge                       
00002d51  __aeabi_fcmpgt                       
00002d65  angle_diff                           
00002dc5  DL_I2C_fillControllerTXFIFO          
00002e25  SYSCFG_DL_UART_0_init                
00002e81  frexp                                
00002e81  frexpl                               
00002edd  OLED_ShowString                      
00002f35  SYSCFG_DL_I2C_1_init                 
00002f8d  __TI_ltoa                            
0000303d  __aeabi_idiv                         
0000303d  __aeabi_idivmod                      
00003135  Get_TotalDistanceA_cm                
000031d1  snprintf                             
0000321d  OLED_I2C_WriteByte                   
00003269  __aeabi_d2iz                         
00003269  __fixdfsi                            
000032b5  DL_UART_init                         
000032fd  DL_SYSCTL_switchMCLKfromSYSOSCtoHSCLK
00003341  SYSCFG_DL_SYSCTL_init                
00003381  __aeabi_uidiv                        
00003381  __aeabi_uidivmod                     
000033c1  __aeabi_f2d                          
000033c1  __extendsfdf2                        
00003401  atoi                                 
0000347d  DL_I2C_flushControllerTXFIFO         
000034f5  SYSCFG_DL_init                       
00003531  __aeabi_i2f                          
00003531  __floatsisf                          
0000356d  __gesf2                              
0000356d  __gtsf2                              
000035a9  __TI_auto_init_nobinit_nopinit       
000035e5  __cmpsf2                             
000035e5  __eqsf2                              
000035e5  __lesf2                              
000035e5  __ltsf2                              
000035e5  __nesf2                              
00003621  __muldsi3                            
0000365b  OLED_WriteCommand                    
00003691  OLED_WriteData                       
000036fd  OLED_SetPos                          
00003765  SYSCFG_DL_TIMER_0_init               
00003829  delay_ms                             
000038b1  __aeabi_i2d                          
000038b1  __floatsidf                          
000039f5  _c_int00_noargs                      
00003a43  DL_I2C_setClockConfig                
00003a69  Single_ReadI2C                       
00003a8f  OLED_I2C_Start                       
00003ab3  Single_WriteI2C                      
00003ad9  __aeabi_lmul                         
00003ad9  __muldi3                             
00003afd  memccpy                              
00003b81  __aeabi_llsl                         
00003b81  __ashldi3                            
00003cb9  DL_Timer_setCaptCompUpdateMethod     
00003cd5  DL_Timer_setClockConfig              
00003cf1  OLED_I2C_Stop                        
00003d0d  OLED_I2C_WaitAck                     
00003d29  clear_coder                          
00003ec5  DL_Timer_setCaptureCompareOutCtl     
00003f3d  TIMG0_IRQHandler                     
00003fc5  OLED_DisplayOff                      
00003fdb  OLED_I2C_Init                        
00003ff1  __TI_zero_init_nomemset              
000040d1  __aeabi_uldivmod                     
0000410b  DL_UART_setClockConfig               
0000411d  TI_memcpy_small                      
0000412f  __TI_decompress_none                 
00004161  DL_Timer_setCaptureCompareValue      
00004171  SYSCFG_DL_SYSTICK_init               
00004181  wcslen                               
00004191  __aeabi_memset                       
00004191  __aeabi_memset4                      
00004191  __aeabi_memset8                      
000041ad  TI_memset_small                      
000041bd  Systick_getTick                      
000041c9  DL_Common_delayCycles                
000041f9  __aeabi_errno_addr                   
00004201  __aeabi_memcpy                       
00004201  __aeabi_memcpy4                      
00004201  __aeabi_memcpy8                      
00004209  abort                                
0000420f  ADC0_IRQHandler                      
0000420f  ADC1_IRQHandler                      
0000420f  AES_IRQHandler                       
0000420f  CANFD0_IRQHandler                    
0000420f  DAC0_IRQHandler                      
0000420f  DMA_IRQHandler                       
0000420f  Default_Handler                      
0000420f  GROUP0_IRQHandler                    
0000420f  HardFault_Handler                    
0000420f  I2C0_IRQHandler                      
0000420f  I2C1_IRQHandler                      
0000420f  NMI_Handler                          
0000420f  PendSV_Handler                       
0000420f  RTC_IRQHandler                       
0000420f  SPI0_IRQHandler                      
0000420f  SPI1_IRQHandler                      
0000420f  SVC_Handler                          
0000420f  SysTick_Handler                      
0000420f  TIMA0_IRQHandler                     
0000420f  TIMA1_IRQHandler                     
0000420f  TIMG12_IRQHandler                    
0000420f  TIMG6_IRQHandler                     
0000420f  TIMG7_IRQHandler                     
0000420f  TIMG8_IRQHandler                     
0000420f  UART0_IRQHandler                     
0000420f  UART1_IRQHandler                     
0000420f  UART2_IRQHandler                     
0000420f  UART3_IRQHandler                     
00004212  C$$EXIT                              
00004213  HOSTexit                             
00004217  Reset_Handler                        
0000422d  _system_pre_init                     
00004230  OLED_F8x16                           
00004820  __aeabi_ctype_table_                 
00004820  __aeabi_ctype_table_C                
000049c0  __TI_Handler_Table_Base              
000049cc  __TI_Handler_Table_Limit             
000049dc  __TI_CINIT_Base                      
000049ec  __TI_CINIT_Limit                     
000049ec  __TI_CINIT_Warm                      
20200000  __start___llvm_prf_bits              
20200000  __start___llvm_prf_cnts              
20200000  __stop___llvm_prf_bits               
20200000  __stop___llvm_prf_cnts               
20200000  gPWM_0Backup                         
202000bc  gPWM_1Backup                         
20200178  read_imu                             
20200180  gpio_interrup1                       
20200184  gpio_interrup3                       
20200188  ir_dh1_state                         
2020018c  ir_dh2_state                         
20200190  ir_dh3_state                         
20200194  ir_dh4_state                         
20200198  Get_Encoder_countA                   
2020019c  Get_Encoder_countC                   
202001a0  __aeabi_errno                        
202001a4  last_countA                          
202001a8  total_distanceA                      
202001ac  yaw                                  
20207e00  __stack                              
20208000  __STACK_END                          
ffffffff  __TI_pprof_out_hndl                  
ffffffff  __TI_prof_data_size                  
ffffffff  __TI_prof_data_start                 
ffffffff  __binit__                            
ffffffff  binit                                
UNDEFED   __mpu_init                           
UNDEFED   _system_post_cinit                   

[226 symbols]
